SQL> spool
currently spooling to E:\lab.txt
SQL> create table employee(employee_id int primary key,employee_code int,employee_name varchar(20));

Table created.

SQL> create table department(department_id int primary key,department_code int,department_name varchar(20));

Table created.

SQL> create table branch(branch_id int primary key,branch_code int,branch_name varchar(20));

Table created.

SQL> insert all
  2  into employee(employee_id,employee_code,employee_name) values(1,1,'Asif')
  3  into employee(employee_id,employee_code,employee_name) values(2,2,'Asim')
  4  into employee(employee_id,employee_code,employee_name) values(3,3,'Akib')
  5  into employee(employee_id,employee_code,employee_name) values(4,4,'Hakim')
  6  into employee(employee_id,employee_code,employee_name) values(5,5,'Hali')
  7  select 1 from dual;

5 rows created.

SQL> insert all
  2  into department values(1,1,'ICT')
  3  into department values(2,2,'ES')
  4  into department values(3,4,'DHSM')
  5  into department values(4,3,'BBA')
  6  into department values(5,5,'BBA')
  7  select 1 from dual;

5 rows created.

SQL> insert all
  2  into branch values(1,1,'A')
  3  into branch values(2,2,'B')
  4  into branch values(3,3,'C')
  5  into branch values(4,4,'D')
  6  into branch values(5,5,'E')
  7  select 1 from dual;

5 rows created.

SQL> commit;

Commit complete.

SQL> alter table employee add(department_id int,branch_id int,section int)
  2  ;

Table altered.

SQL> insert into employee(department_id,branch_id,section)
  2  values(1,1,1);
insert into employee(department_id,branch_id,section)
*
ERROR at line 1:
ORA-01400: cannot insert NULL into ("ICT"."EMPLOYEE"."EMPLOYEE_ID") 


SQL> insert into employee(department_id,branch_id,section)
  2  values(1,1,1) where employee_id=1;
values(1,1,1) where employee_id=1
              *
ERROR at line 2:
ORA-00933: SQL command not properly ended 


SQL> insert into employee(department_id,branch_id,section)
  2  values(1,1,1) where employee_id=1;
values(1,1,1) where employee_id=1
              *
ERROR at line 2:
ORA-00933: SQL command not properly ended 


SQL> update employee department_id=1,branch_i=1,section=1 where employee_id=1;
update employee department_id=1,branch_i=1,section=1 where employee_id=1
                             *
ERROR at line 1:
ORA-00971: missing SET keyword 


SQL> update employee set  department_id=1,branch_i=1,section=1 where employee_id=1;
update employee set  department_id=1,branch_i=1,section=1 where employee_id=1
                                     *
ERROR at line 1:
ORA-00904: "BRANCH_I": invalid identifier 


SQL> update employee set  department_id=1,branch_id=1,section=1 where employee_id=1;

1 row updated.

SQL> update employee department_id=2,branch_id=2,section=2 where employee_id=2;
update employee department_id=2,branch_id=2,section=2 where employee_id=2
                             *
ERROR at line 1:
ORA-00971: missing SET keyword 


SQL> update employee set department_id=2,branch_id=2,section=2 where employee_id=2;

1 row updated.

SQL> update employee set department_id=3,branch_id=3,section=3 where employee_id=3;

1 row updated.

SQL> update employee set department_id=4,branch_id=4,section=4 where employee_id=4;

1 row updated.

SQL> update employee set department_id=5,branch_id=5,section=5 where employee_id=5;

1 row updated.

SQL> alter table employee modify(section varchar(100));
alter table employee modify(section varchar(100))
                            *
ERROR at line 1:
ORA-01439: column to be modified must be empty to change datatype 


SQL> update employee set section=NULL;

5 rows updated.

SQL> alter table employee modify(section varchar(100));

Table altered.

SQL> alter table employee add constraint fk_id foreign key(department_id,branch_id) references department(department_id),branch(branch_id);
alter table employee add constraint fk_id foreign key(department_id,branch_id) references department(department_id),branch(branch_id)
                                                                                                                   *
ERROR at line 1:
ORA-02256: number of referencing columns must match referenced columns 


SQL> alter table employee add constraint fk_department_id foreign key(department_id) references department(department_id)branch(branch_id);
alter table employee add constraint fk_department_id foreign key(department_id) references department(department_id)branch(branch_id)
                                                                                                                    *
ERROR at line 1:
ORA-01735: invalid ALTER TABLE option 


SQL> alter table employee add constraint fk_department_id foreign key(department_id) references department(department_id) constraint fk_branch_id foreign key(branch_id)branch(branch_id);
alter table employee add constraint fk_department_id foreign key(department_id) references department(department_id) constraint fk_branch_id foreign key(branch_id)branch(branch_id)
                                                                                                                     *
ERROR at line 1:
ORA-01735: invalid ALTER TABLE option 


SQL> alter table employee add constraint fk_department_id foreign key(department_id) references department(department_id) constraint fk_branch_id foreign key(branch_id)branch(branch_id);
alter table employee add constraint fk_department_id foreign key(department_id) references department(department_id) constraint fk_branch_id foreign key(branch_id)branch(branch_id)
                                                                                                                     *
ERROR at line 1:
ORA-01735: invalid ALTER TABLE option 


SQL> alter table employee add constraint fk_department_id foreign key(department_id) references department(department_id) constraint fk_branch_id foreign key(branch_id) branch(branch_id);
alter table employee add constraint fk_department_id foreign key(department_id) references department(department_id) constraint fk_branch_id foreign key(branch_id) branch(branch_id)
                                                                                                                     *
ERROR at line 1:
ORA-01735: invalid ALTER TABLE option 


SQL> alter table employee add constraint fk_department_id foreign key(department_id) references department(department_id),constraint fk_branch_id foreign key(branch_id) branch(branch_id);
alter table employee add constraint fk_department_id foreign key(department_id) references department(department_id),constraint fk_branch_id foreign key(branch_id) branch(branch_id)
                                                                                                                    *
ERROR at line 1:
ORA-01735: invalid ALTER TABLE option 


SQL> alter table employee add constraint fk_department_id foreign key(department_id) references department(department_id),constraint fk_branch_id foreign key(branch_id)branch(branch_id);
alter table employee add constraint fk_department_id foreign key(department_id) references department(department_id),constraint fk_branch_id foreign key(branch_id)branch(branch_id)
                                                                                                                    *
ERROR at line 1:
ORA-01735: invalid ALTER TABLE option 


SQL> alter table employee add constraint fk_department_id foreign key(department_id) references department(department_id);

Table altered.

SQL> alter table employee add constraint fk_branch_id foreign key(branch_id) references branch(branch_id);

Table altered.

SQL> alter table employee add constraint check_employee_id check(employee_id>100);
alter table employee add constraint check_employee_id check(employee_id>100)
                                    *
ERROR at line 1:
ORA-02293: cannot validate (ICT.CHECK_EMPLOYEE_ID) - check constraint violated 


SQL> alter table employee add constraint check_employee_id check(employee_id >100);
alter table employee add constraint check_employee_id check(employee_id >100)
                                    *
ERROR at line 1:
ORA-02293: cannot validate (ICT.CHECK_EMPLOYEE_ID) - check constraint violated 


SQL> alter table employee add constraint check_employee_id check(employee_id <100);

Table altered.

SQL> alter table employee add constraint check_employee_id check(employee_id <1000);
alter table employee add constraint check_employee_id check(employee_id <1000)
                                    *
ERROR at line 1:
ORA-02264: name already used by an existing constraint 


SQL> alter table department modify department_code varchar(20);
alter table department modify department_code varchar(20)
                              *
ERROR at line 1:
ORA-01439: column to be modified must be empty to change datatype 


SQL> update table department where department_code=NULL;
update table department where department_code=NULL
       *
ERROR at line 1:
ORA-00903: invalid table name 


SQL> update department set department_code=NULL;

5 rows updated.

SQL> alter table department modify department_code varchar(20);

Table altered.

SQL> alter table department modify(department_code varchar(20)default 'FST');

Table altered.

SQL> commit;

Commit complete.

SQL> alter table department modify(department_code varchar(20)default 'ICT');

Table altered.

SQL> commit;

Commit complete.

SQL> create table cust(customer_id int primary key,cust_name varchar(20),cust_age int,cust_code varchar(10),Department_id int,constraint fk_department_id foreign key (department_id)references department(department_id) on delete cascade)
  2  ;
create table cust(customer_id int primary key,cust_name varchar(20),cust_age int,cust_code varchar(10),Department_id int,constraint fk_department_id foreign key (department_id)references department(department_id) on delete cascade)
                                                                                                                                    *
ERROR at line 1:
ORA-02264: name already used by an existing constraint 


SQL> create table cust(customer_id int primary key,cust_name varchar(20),cust_age int,cust_code varchar(10),Department_id int,constraint fk_cust_dept_id foreign key (department_id)references department(department_id) on delete cascade)
  2  ;

Table created.

SQL> alter table cust rename to customer;

Table altered.

SQL> alter table customer rename column cust_name to customer_name;

Table altered.

SQL> alter customer drop column cust_code,cust_age;
alter customer drop column cust_code,cust_age
      *
ERROR at line 1:
ORA-00940: invalid ALTER command 


SQL> alter table customer drop(cust_code,cust_age);

Table altered.

SQL> select*from user_constraints;

OWNER                                                                           
--------------------------------------------------------------------------------
CONSTRAINT_NAME                                                                 
--------------------------------------------------------------------------------
C                                                                               
-                                                                               
TABLE_NAME                                                                      
--------------------------------------------------------------------------------
SEARCH_CONDITION                                                                
--------------------------------------------------------------------------------
SEARCH_CONDITION_VC                                                             
--------------------------------------------------------------------------------
R_OWNER                                                                         
--------------------------------------------------------------------------------
R_CONSTRAINT_NAME                                                               
--------------------------------------------------------------------------------
DELETE_RU STATUS   DEFERRABLE     DEFERRED  VALIDATED     GENERATED      BAD    
--------- -------- -------------- --------- ------------- -------------- ---    
RELY LAST_CHAN                                                                  
---- ---------                                                                  
INDEX_OWNER                                                                     
--------------------------------------------------------------------------------
INDEX_NAME                                                                      
--------------------------------------------------------------------------------
INVALID VIEW_RELATED   ORIGIN_CON_ID                                            
------- -------------- -------------                                            
ICT                                                                             

OWNER                                                                           
--------------------------------------------------------------------------------
CONSTRAINT_NAME                                                                 
--------------------------------------------------------------------------------
C                                                                               
-                                                                               
TABLE_NAME                                                                      
--------------------------------------------------------------------------------
SEARCH_CONDITION                                                                
--------------------------------------------------------------------------------
SEARCH_CONDITION_VC                                                             
--------------------------------------------------------------------------------
R_OWNER                                                                         
--------------------------------------------------------------------------------
R_CONSTRAINT_NAME                                                               
--------------------------------------------------------------------------------
DELETE_RU STATUS   DEFERRABLE     DEFERRED  VALIDATED     GENERATED      BAD    
--------- -------- -------------- --------- ------------- -------------- ---    
RELY LAST_CHAN                                                                  
---- ---------                                                                  
INDEX_OWNER                                                                     
--------------------------------------------------------------------------------
INDEX_NAME                                                                      
--------------------------------------------------------------------------------
INVALID VIEW_RELATED   ORIGIN_CON_ID                                            
------- -------------- -------------                                            
FK_CUST_DEPT_ID                                                                 

OWNER                                                                           
--------------------------------------------------------------------------------
CONSTRAINT_NAME                                                                 
--------------------------------------------------------------------------------
C                                                                               
-                                                                               
TABLE_NAME                                                                      
--------------------------------------------------------------------------------
SEARCH_CONDITION                                                                
--------------------------------------------------------------------------------
SEARCH_CONDITION_VC                                                             
--------------------------------------------------------------------------------
R_OWNER                                                                         
--------------------------------------------------------------------------------
R_CONSTRAINT_NAME                                                               
--------------------------------------------------------------------------------
DELETE_RU STATUS   DEFERRABLE     DEFERRED  VALIDATED     GENERATED      BAD    
--------- -------- -------------- --------- ------------- -------------- ---    
RELY LAST_CHAN                                                                  
---- ---------                                                                  
INDEX_OWNER                                                                     
--------------------------------------------------------------------------------
INDEX_NAME                                                                      
--------------------------------------------------------------------------------
INVALID VIEW_RELATED   ORIGIN_CON_ID                                            
------- -------------- -------------                                            
R                                                                               

OWNER                                                                           
--------------------------------------------------------------------------------
CONSTRAINT_NAME                                                                 
--------------------------------------------------------------------------------
C                                                                               
-                                                                               
TABLE_NAME                                                                      
--------------------------------------------------------------------------------
SEARCH_CONDITION                                                                
--------------------------------------------------------------------------------
SEARCH_CONDITION_VC                                                             
--------------------------------------------------------------------------------
R_OWNER                                                                         
--------------------------------------------------------------------------------
R_CONSTRAINT_NAME                                                               
--------------------------------------------------------------------------------
DELETE_RU STATUS   DEFERRABLE     DEFERRED  VALIDATED     GENERATED      BAD    
--------- -------- -------------- --------- ------------- -------------- ---    
RELY LAST_CHAN                                                                  
---- ---------                                                                  
INDEX_OWNER                                                                     
--------------------------------------------------------------------------------
INDEX_NAME                                                                      
--------------------------------------------------------------------------------
INVALID VIEW_RELATED   ORIGIN_CON_ID                                            
------- -------------- -------------                                            
CUSTOMER                                                                        

OWNER                                                                           
--------------------------------------------------------------------------------
CONSTRAINT_NAME                                                                 
--------------------------------------------------------------------------------
C                                                                               
-                                                                               
TABLE_NAME                                                                      
--------------------------------------------------------------------------------
SEARCH_CONDITION                                                                
--------------------------------------------------------------------------------
SEARCH_CONDITION_VC                                                             
--------------------------------------------------------------------------------
R_OWNER                                                                         
--------------------------------------------------------------------------------
R_CONSTRAINT_NAME                                                               
--------------------------------------------------------------------------------
DELETE_RU STATUS   DEFERRABLE     DEFERRED  VALIDATED     GENERATED      BAD    
--------- -------- -------------- --------- ------------- -------------- ---    
RELY LAST_CHAN                                                                  
---- ---------                                                                  
INDEX_OWNER                                                                     
--------------------------------------------------------------------------------
INDEX_NAME                                                                      
--------------------------------------------------------------------------------
INVALID VIEW_RELATED   ORIGIN_CON_ID                                            
------- -------------- -------------                                            
                                                                                

OWNER                                                                           
--------------------------------------------------------------------------------
CONSTRAINT_NAME                                                                 
--------------------------------------------------------------------------------
C                                                                               
-                                                                               
TABLE_NAME                                                                      
--------------------------------------------------------------------------------
SEARCH_CONDITION                                                                
--------------------------------------------------------------------------------
SEARCH_CONDITION_VC                                                             
--------------------------------------------------------------------------------
R_OWNER                                                                         
--------------------------------------------------------------------------------
R_CONSTRAINT_NAME                                                               
--------------------------------------------------------------------------------
DELETE_RU STATUS   DEFERRABLE     DEFERRED  VALIDATED     GENERATED      BAD    
--------- -------- -------------- --------- ------------- -------------- ---    
RELY LAST_CHAN                                                                  
---- ---------                                                                  
INDEX_OWNER                                                                     
--------------------------------------------------------------------------------
INDEX_NAME                                                                      
--------------------------------------------------------------------------------
INVALID VIEW_RELATED   ORIGIN_CON_ID                                            
------- -------------- -------------                                            
                                                                                

OWNER                                                                           
--------------------------------------------------------------------------------
CONSTRAINT_NAME                                                                 
--------------------------------------------------------------------------------
C                                                                               
-                                                                               
TABLE_NAME                                                                      
--------------------------------------------------------------------------------
SEARCH_CONDITION                                                                
--------------------------------------------------------------------------------
SEARCH_CONDITION_VC                                                             
--------------------------------------------------------------------------------
R_OWNER                                                                         
--------------------------------------------------------------------------------
R_CONSTRAINT_NAME                                                               
--------------------------------------------------------------------------------
DELETE_RU STATUS   DEFERRABLE     DEFERRED  VALIDATED     GENERATED      BAD    
--------- -------- -------------- --------- ------------- -------------- ---    
RELY LAST_CHAN                                                                  
---- ---------                                                                  
INDEX_OWNER                                                                     
--------------------------------------------------------------------------------
INDEX_NAME                                                                      
--------------------------------------------------------------------------------
INVALID VIEW_RELATED   ORIGIN_CON_ID                                            
------- -------------- -------------                                            
ICT                                                                             

OWNER                                                                           
--------------------------------------------------------------------------------
CONSTRAINT_NAME                                                                 
--------------------------------------------------------------------------------
C                                                                               
-                                                                               
TABLE_NAME                                                                      
--------------------------------------------------------------------------------
SEARCH_CONDITION                                                                
--------------------------------------------------------------------------------
SEARCH_CONDITION_VC                                                             
--------------------------------------------------------------------------------
R_OWNER                                                                         
--------------------------------------------------------------------------------
R_CONSTRAINT_NAME                                                               
--------------------------------------------------------------------------------
DELETE_RU STATUS   DEFERRABLE     DEFERRED  VALIDATED     GENERATED      BAD    
--------- -------- -------------- --------- ------------- -------------- ---    
RELY LAST_CHAN                                                                  
---- ---------                                                                  
INDEX_OWNER                                                                     
--------------------------------------------------------------------------------
INDEX_NAME                                                                      
--------------------------------------------------------------------------------
INVALID VIEW_RELATED   ORIGIN_CON_ID                                            
------- -------------- -------------                                            
SYS_C0010006                                                                    

OWNER                                                                           
--------------------------------------------------------------------------------
CONSTRAINT_NAME                                                                 
--------------------------------------------------------------------------------
C                                                                               
-                                                                               
TABLE_NAME                                                                      
--------------------------------------------------------------------------------
SEARCH_CONDITION                                                                
--------------------------------------------------------------------------------
SEARCH_CONDITION_VC                                                             
--------------------------------------------------------------------------------
R_OWNER                                                                         
--------------------------------------------------------------------------------
R_CONSTRAINT_NAME                                                               
--------------------------------------------------------------------------------
DELETE_RU STATUS   DEFERRABLE     DEFERRED  VALIDATED     GENERATED      BAD    
--------- -------- -------------- --------- ------------- -------------- ---    
RELY LAST_CHAN                                                                  
---- ---------                                                                  
INDEX_OWNER                                                                     
--------------------------------------------------------------------------------
INDEX_NAME                                                                      
--------------------------------------------------------------------------------
INVALID VIEW_RELATED   ORIGIN_CON_ID                                            
------- -------------- -------------                                            
CASCADE   ENABLED  NOT DEFERRABLE IMMEDIATE VALIDATED     USER NAME             

OWNER                                                                           
--------------------------------------------------------------------------------
CONSTRAINT_NAME                                                                 
--------------------------------------------------------------------------------
C                                                                               
-                                                                               
TABLE_NAME                                                                      
--------------------------------------------------------------------------------
SEARCH_CONDITION                                                                
--------------------------------------------------------------------------------
SEARCH_CONDITION_VC                                                             
--------------------------------------------------------------------------------
R_OWNER                                                                         
--------------------------------------------------------------------------------
R_CONSTRAINT_NAME                                                               
--------------------------------------------------------------------------------
DELETE_RU STATUS   DEFERRABLE     DEFERRED  VALIDATED     GENERATED      BAD    
--------- -------- -------------- --------- ------------- -------------- ---    
RELY LAST_CHAN                                                                  
---- ---------                                                                  
INDEX_OWNER                                                                     
--------------------------------------------------------------------------------
INDEX_NAME                                                                      
--------------------------------------------------------------------------------
INVALID VIEW_RELATED   ORIGIN_CON_ID                                            
------- -------------- -------------                                            
     02-OCT-17                                                                  

OWNER                                                                           
--------------------------------------------------------------------------------
CONSTRAINT_NAME                                                                 
--------------------------------------------------------------------------------
C                                                                               
-                                                                               
TABLE_NAME                                                                      
--------------------------------------------------------------------------------
SEARCH_CONDITION                                                                
--------------------------------------------------------------------------------
SEARCH_CONDITION_VC                                                             
--------------------------------------------------------------------------------
R_OWNER                                                                         
--------------------------------------------------------------------------------
R_CONSTRAINT_NAME                                                               
--------------------------------------------------------------------------------
DELETE_RU STATUS   DEFERRABLE     DEFERRED  VALIDATED     GENERATED      BAD    
--------- -------- -------------- --------- ------------- -------------- ---    
RELY LAST_CHAN                                                                  
---- ---------                                                                  
INDEX_OWNER                                                                     
--------------------------------------------------------------------------------
INDEX_NAME                                                                      
--------------------------------------------------------------------------------
INVALID VIEW_RELATED   ORIGIN_CON_ID                                            
------- -------------- -------------                                            
                                                                                

OWNER                                                                           
--------------------------------------------------------------------------------
CONSTRAINT_NAME                                                                 
--------------------------------------------------------------------------------
C                                                                               
-                                                                               
TABLE_NAME                                                                      
--------------------------------------------------------------------------------
SEARCH_CONDITION                                                                
--------------------------------------------------------------------------------
SEARCH_CONDITION_VC                                                             
--------------------------------------------------------------------------------
R_OWNER                                                                         
--------------------------------------------------------------------------------
R_CONSTRAINT_NAME                                                               
--------------------------------------------------------------------------------
DELETE_RU STATUS   DEFERRABLE     DEFERRED  VALIDATED     GENERATED      BAD    
--------- -------- -------------- --------- ------------- -------------- ---    
RELY LAST_CHAN                                                                  
---- ---------                                                                  
INDEX_OWNER                                                                     
--------------------------------------------------------------------------------
INDEX_NAME                                                                      
--------------------------------------------------------------------------------
INVALID VIEW_RELATED   ORIGIN_CON_ID                                            
------- -------------- -------------                                            
                                                                                

OWNER                                                                           
--------------------------------------------------------------------------------
CONSTRAINT_NAME                                                                 
--------------------------------------------------------------------------------
C                                                                               
-                                                                               
TABLE_NAME                                                                      
--------------------------------------------------------------------------------
SEARCH_CONDITION                                                                
--------------------------------------------------------------------------------
SEARCH_CONDITION_VC                                                             
--------------------------------------------------------------------------------
R_OWNER                                                                         
--------------------------------------------------------------------------------
R_CONSTRAINT_NAME                                                               
--------------------------------------------------------------------------------
DELETE_RU STATUS   DEFERRABLE     DEFERRED  VALIDATED     GENERATED      BAD    
--------- -------- -------------- --------- ------------- -------------- ---    
RELY LAST_CHAN                                                                  
---- ---------                                                                  
INDEX_OWNER                                                                     
--------------------------------------------------------------------------------
INDEX_NAME                                                                      
--------------------------------------------------------------------------------
INVALID VIEW_RELATED   ORIGIN_CON_ID                                            
------- -------------- -------------                                            
                                   1                                            

OWNER                                                                           
--------------------------------------------------------------------------------
CONSTRAINT_NAME                                                                 
--------------------------------------------------------------------------------
C                                                                               
-                                                                               
TABLE_NAME                                                                      
--------------------------------------------------------------------------------
SEARCH_CONDITION                                                                
--------------------------------------------------------------------------------
SEARCH_CONDITION_VC                                                             
--------------------------------------------------------------------------------
R_OWNER                                                                         
--------------------------------------------------------------------------------
R_CONSTRAINT_NAME                                                               
--------------------------------------------------------------------------------
DELETE_RU STATUS   DEFERRABLE     DEFERRED  VALIDATED     GENERATED      BAD    
--------- -------- -------------- --------- ------------- -------------- ---    
RELY LAST_CHAN                                                                  
---- ---------                                                                  
INDEX_OWNER                                                                     
--------------------------------------------------------------------------------
INDEX_NAME                                                                      
--------------------------------------------------------------------------------
INVALID VIEW_RELATED   ORIGIN_CON_ID                                            
------- -------------- -------------                                            
                                                                                

OWNER                                                                           
--------------------------------------------------------------------------------
CONSTRAINT_NAME                                                                 
--------------------------------------------------------------------------------
C                                                                               
-                                                                               
TABLE_NAME                                                                      
--------------------------------------------------------------------------------
SEARCH_CONDITION                                                                
--------------------------------------------------------------------------------
SEARCH_CONDITION_VC                                                             
--------------------------------------------------------------------------------
R_OWNER                                                                         
--------------------------------------------------------------------------------
R_CONSTRAINT_NAME                                                               
--------------------------------------------------------------------------------
DELETE_RU STATUS   DEFERRABLE     DEFERRED  VALIDATED     GENERATED      BAD    
--------- -------- -------------- --------- ------------- -------------- ---    
RELY LAST_CHAN                                                                  
---- ---------                                                                  
INDEX_OWNER                                                                     
--------------------------------------------------------------------------------
INDEX_NAME                                                                      
--------------------------------------------------------------------------------
INVALID VIEW_RELATED   ORIGIN_CON_ID                                            
------- -------------- -------------                                            
ICT                                                                             

OWNER                                                                           
--------------------------------------------------------------------------------
CONSTRAINT_NAME                                                                 
--------------------------------------------------------------------------------
C                                                                               
-                                                                               
TABLE_NAME                                                                      
--------------------------------------------------------------------------------
SEARCH_CONDITION                                                                
--------------------------------------------------------------------------------
SEARCH_CONDITION_VC                                                             
--------------------------------------------------------------------------------
R_OWNER                                                                         
--------------------------------------------------------------------------------
R_CONSTRAINT_NAME                                                               
--------------------------------------------------------------------------------
DELETE_RU STATUS   DEFERRABLE     DEFERRED  VALIDATED     GENERATED      BAD    
--------- -------- -------------- --------- ------------- -------------- ---    
RELY LAST_CHAN                                                                  
---- ---------                                                                  
INDEX_OWNER                                                                     
--------------------------------------------------------------------------------
INDEX_NAME                                                                      
--------------------------------------------------------------------------------
INVALID VIEW_RELATED   ORIGIN_CON_ID                                            
------- -------------- -------------                                            
FK_DEPARTMENT_ID                                                                

OWNER                                                                           
--------------------------------------------------------------------------------
CONSTRAINT_NAME                                                                 
--------------------------------------------------------------------------------
C                                                                               
-                                                                               
TABLE_NAME                                                                      
--------------------------------------------------------------------------------
SEARCH_CONDITION                                                                
--------------------------------------------------------------------------------
SEARCH_CONDITION_VC                                                             
--------------------------------------------------------------------------------
R_OWNER                                                                         
--------------------------------------------------------------------------------
R_CONSTRAINT_NAME                                                               
--------------------------------------------------------------------------------
DELETE_RU STATUS   DEFERRABLE     DEFERRED  VALIDATED     GENERATED      BAD    
--------- -------- -------------- --------- ------------- -------------- ---    
RELY LAST_CHAN                                                                  
---- ---------                                                                  
INDEX_OWNER                                                                     
--------------------------------------------------------------------------------
INDEX_NAME                                                                      
--------------------------------------------------------------------------------
INVALID VIEW_RELATED   ORIGIN_CON_ID                                            
------- -------------- -------------                                            
R                                                                               

OWNER                                                                           
--------------------------------------------------------------------------------
CONSTRAINT_NAME                                                                 
--------------------------------------------------------------------------------
C                                                                               
-                                                                               
TABLE_NAME                                                                      
--------------------------------------------------------------------------------
SEARCH_CONDITION                                                                
--------------------------------------------------------------------------------
SEARCH_CONDITION_VC                                                             
--------------------------------------------------------------------------------
R_OWNER                                                                         
--------------------------------------------------------------------------------
R_CONSTRAINT_NAME                                                               
--------------------------------------------------------------------------------
DELETE_RU STATUS   DEFERRABLE     DEFERRED  VALIDATED     GENERATED      BAD    
--------- -------- -------------- --------- ------------- -------------- ---    
RELY LAST_CHAN                                                                  
---- ---------                                                                  
INDEX_OWNER                                                                     
--------------------------------------------------------------------------------
INDEX_NAME                                                                      
--------------------------------------------------------------------------------
INVALID VIEW_RELATED   ORIGIN_CON_ID                                            
------- -------------- -------------                                            
EMPLOYEE                                                                        

OWNER                                                                           
--------------------------------------------------------------------------------
CONSTRAINT_NAME                                                                 
--------------------------------------------------------------------------------
C                                                                               
-                                                                               
TABLE_NAME                                                                      
--------------------------------------------------------------------------------
SEARCH_CONDITION                                                                
--------------------------------------------------------------------------------
SEARCH_CONDITION_VC                                                             
--------------------------------------------------------------------------------
R_OWNER                                                                         
--------------------------------------------------------------------------------
R_CONSTRAINT_NAME                                                               
--------------------------------------------------------------------------------
DELETE_RU STATUS   DEFERRABLE     DEFERRED  VALIDATED     GENERATED      BAD    
--------- -------- -------------- --------- ------------- -------------- ---    
RELY LAST_CHAN                                                                  
---- ---------                                                                  
INDEX_OWNER                                                                     
--------------------------------------------------------------------------------
INDEX_NAME                                                                      
--------------------------------------------------------------------------------
INVALID VIEW_RELATED   ORIGIN_CON_ID                                            
------- -------------- -------------                                            
                                                                                

OWNER                                                                           
--------------------------------------------------------------------------------
CONSTRAINT_NAME                                                                 
--------------------------------------------------------------------------------
C                                                                               
-                                                                               
TABLE_NAME                                                                      
--------------------------------------------------------------------------------
SEARCH_CONDITION                                                                
--------------------------------------------------------------------------------
SEARCH_CONDITION_VC                                                             
--------------------------------------------------------------------------------
R_OWNER                                                                         
--------------------------------------------------------------------------------
R_CONSTRAINT_NAME                                                               
--------------------------------------------------------------------------------
DELETE_RU STATUS   DEFERRABLE     DEFERRED  VALIDATED     GENERATED      BAD    
--------- -------- -------------- --------- ------------- -------------- ---    
RELY LAST_CHAN                                                                  
---- ---------                                                                  
INDEX_OWNER                                                                     
--------------------------------------------------------------------------------
INDEX_NAME                                                                      
--------------------------------------------------------------------------------
INVALID VIEW_RELATED   ORIGIN_CON_ID                                            
------- -------------- -------------                                            
                                                                                

OWNER                                                                           
--------------------------------------------------------------------------------
CONSTRAINT_NAME                                                                 
--------------------------------------------------------------------------------
C                                                                               
-                                                                               
TABLE_NAME                                                                      
--------------------------------------------------------------------------------
SEARCH_CONDITION                                                                
--------------------------------------------------------------------------------
SEARCH_CONDITION_VC                                                             
--------------------------------------------------------------------------------
R_OWNER                                                                         
--------------------------------------------------------------------------------
R_CONSTRAINT_NAME                                                               
--------------------------------------------------------------------------------
DELETE_RU STATUS   DEFERRABLE     DEFERRED  VALIDATED     GENERATED      BAD    
--------- -------- -------------- --------- ------------- -------------- ---    
RELY LAST_CHAN                                                                  
---- ---------                                                                  
INDEX_OWNER                                                                     
--------------------------------------------------------------------------------
INDEX_NAME                                                                      
--------------------------------------------------------------------------------
INVALID VIEW_RELATED   ORIGIN_CON_ID                                            
------- -------------- -------------                                            
ICT                                                                             

OWNER                                                                           
--------------------------------------------------------------------------------
CONSTRAINT_NAME                                                                 
--------------------------------------------------------------------------------
C                                                                               
-                                                                               
TABLE_NAME                                                                      
--------------------------------------------------------------------------------
SEARCH_CONDITION                                                                
--------------------------------------------------------------------------------
SEARCH_CONDITION_VC                                                             
--------------------------------------------------------------------------------
R_OWNER                                                                         
--------------------------------------------------------------------------------
R_CONSTRAINT_NAME                                                               
--------------------------------------------------------------------------------
DELETE_RU STATUS   DEFERRABLE     DEFERRED  VALIDATED     GENERATED      BAD    
--------- -------- -------------- --------- ------------- -------------- ---    
RELY LAST_CHAN                                                                  
---- ---------                                                                  
INDEX_OWNER                                                                     
--------------------------------------------------------------------------------
INDEX_NAME                                                                      
--------------------------------------------------------------------------------
INVALID VIEW_RELATED   ORIGIN_CON_ID                                            
------- -------------- -------------                                            
SYS_C0010006                                                                    

OWNER                                                                           
--------------------------------------------------------------------------------
CONSTRAINT_NAME                                                                 
--------------------------------------------------------------------------------
C                                                                               
-                                                                               
TABLE_NAME                                                                      
--------------------------------------------------------------------------------
SEARCH_CONDITION                                                                
--------------------------------------------------------------------------------
SEARCH_CONDITION_VC                                                             
--------------------------------------------------------------------------------
R_OWNER                                                                         
--------------------------------------------------------------------------------
R_CONSTRAINT_NAME                                                               
--------------------------------------------------------------------------------
DELETE_RU STATUS   DEFERRABLE     DEFERRED  VALIDATED     GENERATED      BAD    
--------- -------- -------------- --------- ------------- -------------- ---    
RELY LAST_CHAN                                                                  
---- ---------                                                                  
INDEX_OWNER                                                                     
--------------------------------------------------------------------------------
INDEX_NAME                                                                      
--------------------------------------------------------------------------------
INVALID VIEW_RELATED   ORIGIN_CON_ID                                            
------- -------------- -------------                                            
NO ACTION ENABLED  NOT DEFERRABLE IMMEDIATE VALIDATED     USER NAME             

OWNER                                                                           
--------------------------------------------------------------------------------
CONSTRAINT_NAME                                                                 
--------------------------------------------------------------------------------
C                                                                               
-                                                                               
TABLE_NAME                                                                      
--------------------------------------------------------------------------------
SEARCH_CONDITION                                                                
--------------------------------------------------------------------------------
SEARCH_CONDITION_VC                                                             
--------------------------------------------------------------------------------
R_OWNER                                                                         
--------------------------------------------------------------------------------
R_CONSTRAINT_NAME                                                               
--------------------------------------------------------------------------------
DELETE_RU STATUS   DEFERRABLE     DEFERRED  VALIDATED     GENERATED      BAD    
--------- -------- -------------- --------- ------------- -------------- ---    
RELY LAST_CHAN                                                                  
---- ---------                                                                  
INDEX_OWNER                                                                     
--------------------------------------------------------------------------------
INDEX_NAME                                                                      
--------------------------------------------------------------------------------
INVALID VIEW_RELATED   ORIGIN_CON_ID                                            
------- -------------- -------------                                            
     02-OCT-17                                                                  

OWNER                                                                           
--------------------------------------------------------------------------------
CONSTRAINT_NAME                                                                 
--------------------------------------------------------------------------------
C                                                                               
-                                                                               
TABLE_NAME                                                                      
--------------------------------------------------------------------------------
SEARCH_CONDITION                                                                
--------------------------------------------------------------------------------
SEARCH_CONDITION_VC                                                             
--------------------------------------------------------------------------------
R_OWNER                                                                         
--------------------------------------------------------------------------------
R_CONSTRAINT_NAME                                                               
--------------------------------------------------------------------------------
DELETE_RU STATUS   DEFERRABLE     DEFERRED  VALIDATED     GENERATED      BAD    
--------- -------- -------------- --------- ------------- -------------- ---    
RELY LAST_CHAN                                                                  
---- ---------                                                                  
INDEX_OWNER                                                                     
--------------------------------------------------------------------------------
INDEX_NAME                                                                      
--------------------------------------------------------------------------------
INVALID VIEW_RELATED   ORIGIN_CON_ID                                            
------- -------------- -------------                                            
                                                                                

OWNER                                                                           
--------------------------------------------------------------------------------
CONSTRAINT_NAME                                                                 
--------------------------------------------------------------------------------
C                                                                               
-                                                                               
TABLE_NAME                                                                      
--------------------------------------------------------------------------------
SEARCH_CONDITION                                                                
--------------------------------------------------------------------------------
SEARCH_CONDITION_VC                                                             
--------------------------------------------------------------------------------
R_OWNER                                                                         
--------------------------------------------------------------------------------
R_CONSTRAINT_NAME                                                               
--------------------------------------------------------------------------------
DELETE_RU STATUS   DEFERRABLE     DEFERRED  VALIDATED     GENERATED      BAD    
--------- -------- -------------- --------- ------------- -------------- ---    
RELY LAST_CHAN                                                                  
---- ---------                                                                  
INDEX_OWNER                                                                     
--------------------------------------------------------------------------------
INDEX_NAME                                                                      
--------------------------------------------------------------------------------
INVALID VIEW_RELATED   ORIGIN_CON_ID                                            
------- -------------- -------------                                            
                                                                                

OWNER                                                                           
--------------------------------------------------------------------------------
CONSTRAINT_NAME                                                                 
--------------------------------------------------------------------------------
C                                                                               
-                                                                               
TABLE_NAME                                                                      
--------------------------------------------------------------------------------
SEARCH_CONDITION                                                                
--------------------------------------------------------------------------------
SEARCH_CONDITION_VC                                                             
--------------------------------------------------------------------------------
R_OWNER                                                                         
--------------------------------------------------------------------------------
R_CONSTRAINT_NAME                                                               
--------------------------------------------------------------------------------
DELETE_RU STATUS   DEFERRABLE     DEFERRED  VALIDATED     GENERATED      BAD    
--------- -------- -------------- --------- ------------- -------------- ---    
RELY LAST_CHAN                                                                  
---- ---------                                                                  
INDEX_OWNER                                                                     
--------------------------------------------------------------------------------
INDEX_NAME                                                                      
--------------------------------------------------------------------------------
INVALID VIEW_RELATED   ORIGIN_CON_ID                                            
------- -------------- -------------                                            
                                   1                                            

OWNER                                                                           
--------------------------------------------------------------------------------
CONSTRAINT_NAME                                                                 
--------------------------------------------------------------------------------
C                                                                               
-                                                                               
TABLE_NAME                                                                      
--------------------------------------------------------------------------------
SEARCH_CONDITION                                                                
--------------------------------------------------------------------------------
SEARCH_CONDITION_VC                                                             
--------------------------------------------------------------------------------
R_OWNER                                                                         
--------------------------------------------------------------------------------
R_CONSTRAINT_NAME                                                               
--------------------------------------------------------------------------------
DELETE_RU STATUS   DEFERRABLE     DEFERRED  VALIDATED     GENERATED      BAD    
--------- -------- -------------- --------- ------------- -------------- ---    
RELY LAST_CHAN                                                                  
---- ---------                                                                  
INDEX_OWNER                                                                     
--------------------------------------------------------------------------------
INDEX_NAME                                                                      
--------------------------------------------------------------------------------
INVALID VIEW_RELATED   ORIGIN_CON_ID                                            
------- -------------- -------------                                            
                                                                                

OWNER                                                                           
--------------------------------------------------------------------------------
CONSTRAINT_NAME                                                                 
--------------------------------------------------------------------------------
C                                                                               
-                                                                               
TABLE_NAME                                                                      
--------------------------------------------------------------------------------
SEARCH_CONDITION                                                                
--------------------------------------------------------------------------------
SEARCH_CONDITION_VC                                                             
--------------------------------------------------------------------------------
R_OWNER                                                                         
--------------------------------------------------------------------------------
R_CONSTRAINT_NAME                                                               
--------------------------------------------------------------------------------
DELETE_RU STATUS   DEFERRABLE     DEFERRED  VALIDATED     GENERATED      BAD    
--------- -------- -------------- --------- ------------- -------------- ---    
RELY LAST_CHAN                                                                  
---- ---------                                                                  
INDEX_OWNER                                                                     
--------------------------------------------------------------------------------
INDEX_NAME                                                                      
--------------------------------------------------------------------------------
INVALID VIEW_RELATED   ORIGIN_CON_ID                                            
------- -------------- -------------                                            
ICT                                                                             

OWNER                                                                           
--------------------------------------------------------------------------------
CONSTRAINT_NAME                                                                 
--------------------------------------------------------------------------------
C                                                                               
-                                                                               
TABLE_NAME                                                                      
--------------------------------------------------------------------------------
SEARCH_CONDITION                                                                
--------------------------------------------------------------------------------
SEARCH_CONDITION_VC                                                             
--------------------------------------------------------------------------------
R_OWNER                                                                         
--------------------------------------------------------------------------------
R_CONSTRAINT_NAME                                                               
--------------------------------------------------------------------------------
DELETE_RU STATUS   DEFERRABLE     DEFERRED  VALIDATED     GENERATED      BAD    
--------- -------- -------------- --------- ------------- -------------- ---    
RELY LAST_CHAN                                                                  
---- ---------                                                                  
INDEX_OWNER                                                                     
--------------------------------------------------------------------------------
INDEX_NAME                                                                      
--------------------------------------------------------------------------------
INVALID VIEW_RELATED   ORIGIN_CON_ID                                            
------- -------------- -------------                                            
FK_BRANCH_ID                                                                    

OWNER                                                                           
--------------------------------------------------------------------------------
CONSTRAINT_NAME                                                                 
--------------------------------------------------------------------------------
C                                                                               
-                                                                               
TABLE_NAME                                                                      
--------------------------------------------------------------------------------
SEARCH_CONDITION                                                                
--------------------------------------------------------------------------------
SEARCH_CONDITION_VC                                                             
--------------------------------------------------------------------------------
R_OWNER                                                                         
--------------------------------------------------------------------------------
R_CONSTRAINT_NAME                                                               
--------------------------------------------------------------------------------
DELETE_RU STATUS   DEFERRABLE     DEFERRED  VALIDATED     GENERATED      BAD    
--------- -------- -------------- --------- ------------- -------------- ---    
RELY LAST_CHAN                                                                  
---- ---------                                                                  
INDEX_OWNER                                                                     
--------------------------------------------------------------------------------
INDEX_NAME                                                                      
--------------------------------------------------------------------------------
INVALID VIEW_RELATED   ORIGIN_CON_ID                                            
------- -------------- -------------                                            
R                                                                               

OWNER                                                                           
--------------------------------------------------------------------------------
CONSTRAINT_NAME                                                                 
--------------------------------------------------------------------------------
C                                                                               
-                                                                               
TABLE_NAME                                                                      
--------------------------------------------------------------------------------
SEARCH_CONDITION                                                                
--------------------------------------------------------------------------------
SEARCH_CONDITION_VC                                                             
--------------------------------------------------------------------------------
R_OWNER                                                                         
--------------------------------------------------------------------------------
R_CONSTRAINT_NAME                                                               
--------------------------------------------------------------------------------
DELETE_RU STATUS   DEFERRABLE     DEFERRED  VALIDATED     GENERATED      BAD    
--------- -------- -------------- --------- ------------- -------------- ---    
RELY LAST_CHAN                                                                  
---- ---------                                                                  
INDEX_OWNER                                                                     
--------------------------------------------------------------------------------
INDEX_NAME                                                                      
--------------------------------------------------------------------------------
INVALID VIEW_RELATED   ORIGIN_CON_ID                                            
------- -------------- -------------                                            
EMPLOYEE                                                                        

OWNER                                                                           
--------------------------------------------------------------------------------
CONSTRAINT_NAME                                                                 
--------------------------------------------------------------------------------
C                                                                               
-                                                                               
TABLE_NAME                                                                      
--------------------------------------------------------------------------------
SEARCH_CONDITION                                                                
--------------------------------------------------------------------------------
SEARCH_CONDITION_VC                                                             
--------------------------------------------------------------------------------
R_OWNER                                                                         
--------------------------------------------------------------------------------
R_CONSTRAINT_NAME                                                               
--------------------------------------------------------------------------------
DELETE_RU STATUS   DEFERRABLE     DEFERRED  VALIDATED     GENERATED      BAD    
--------- -------- -------------- --------- ------------- -------------- ---    
RELY LAST_CHAN                                                                  
---- ---------                                                                  
INDEX_OWNER                                                                     
--------------------------------------------------------------------------------
INDEX_NAME                                                                      
--------------------------------------------------------------------------------
INVALID VIEW_RELATED   ORIGIN_CON_ID                                            
------- -------------- -------------                                            
                                                                                

OWNER                                                                           
--------------------------------------------------------------------------------
CONSTRAINT_NAME                                                                 
--------------------------------------------------------------------------------
C                                                                               
-                                                                               
TABLE_NAME                                                                      
--------------------------------------------------------------------------------
SEARCH_CONDITION                                                                
--------------------------------------------------------------------------------
SEARCH_CONDITION_VC                                                             
--------------------------------------------------------------------------------
R_OWNER                                                                         
--------------------------------------------------------------------------------
R_CONSTRAINT_NAME                                                               
--------------------------------------------------------------------------------
DELETE_RU STATUS   DEFERRABLE     DEFERRED  VALIDATED     GENERATED      BAD    
--------- -------- -------------- --------- ------------- -------------- ---    
RELY LAST_CHAN                                                                  
---- ---------                                                                  
INDEX_OWNER                                                                     
--------------------------------------------------------------------------------
INDEX_NAME                                                                      
--------------------------------------------------------------------------------
INVALID VIEW_RELATED   ORIGIN_CON_ID                                            
------- -------------- -------------                                            
                                                                                

OWNER                                                                           
--------------------------------------------------------------------------------
CONSTRAINT_NAME                                                                 
--------------------------------------------------------------------------------
C                                                                               
-                                                                               
TABLE_NAME                                                                      
--------------------------------------------------------------------------------
SEARCH_CONDITION                                                                
--------------------------------------------------------------------------------
SEARCH_CONDITION_VC                                                             
--------------------------------------------------------------------------------
R_OWNER                                                                         
--------------------------------------------------------------------------------
R_CONSTRAINT_NAME                                                               
--------------------------------------------------------------------------------
DELETE_RU STATUS   DEFERRABLE     DEFERRED  VALIDATED     GENERATED      BAD    
--------- -------- -------------- --------- ------------- -------------- ---    
RELY LAST_CHAN                                                                  
---- ---------                                                                  
INDEX_OWNER                                                                     
--------------------------------------------------------------------------------
INDEX_NAME                                                                      
--------------------------------------------------------------------------------
INVALID VIEW_RELATED   ORIGIN_CON_ID                                            
------- -------------- -------------                                            
ICT                                                                             

OWNER                                                                           
--------------------------------------------------------------------------------
CONSTRAINT_NAME                                                                 
--------------------------------------------------------------------------------
C                                                                               
-                                                                               
TABLE_NAME                                                                      
--------------------------------------------------------------------------------
SEARCH_CONDITION                                                                
--------------------------------------------------------------------------------
SEARCH_CONDITION_VC                                                             
--------------------------------------------------------------------------------
R_OWNER                                                                         
--------------------------------------------------------------------------------
R_CONSTRAINT_NAME                                                               
--------------------------------------------------------------------------------
DELETE_RU STATUS   DEFERRABLE     DEFERRED  VALIDATED     GENERATED      BAD    
--------- -------- -------------- --------- ------------- -------------- ---    
RELY LAST_CHAN                                                                  
---- ---------                                                                  
INDEX_OWNER                                                                     
--------------------------------------------------------------------------------
INDEX_NAME                                                                      
--------------------------------------------------------------------------------
INVALID VIEW_RELATED   ORIGIN_CON_ID                                            
------- -------------- -------------                                            
SYS_C0010007                                                                    

OWNER                                                                           
--------------------------------------------------------------------------------
CONSTRAINT_NAME                                                                 
--------------------------------------------------------------------------------
C                                                                               
-                                                                               
TABLE_NAME                                                                      
--------------------------------------------------------------------------------
SEARCH_CONDITION                                                                
--------------------------------------------------------------------------------
SEARCH_CONDITION_VC                                                             
--------------------------------------------------------------------------------
R_OWNER                                                                         
--------------------------------------------------------------------------------
R_CONSTRAINT_NAME                                                               
--------------------------------------------------------------------------------
DELETE_RU STATUS   DEFERRABLE     DEFERRED  VALIDATED     GENERATED      BAD    
--------- -------- -------------- --------- ------------- -------------- ---    
RELY LAST_CHAN                                                                  
---- ---------                                                                  
INDEX_OWNER                                                                     
--------------------------------------------------------------------------------
INDEX_NAME                                                                      
--------------------------------------------------------------------------------
INVALID VIEW_RELATED   ORIGIN_CON_ID                                            
------- -------------- -------------                                            
NO ACTION ENABLED  NOT DEFERRABLE IMMEDIATE VALIDATED     USER NAME             

OWNER                                                                           
--------------------------------------------------------------------------------
CONSTRAINT_NAME                                                                 
--------------------------------------------------------------------------------
C                                                                               
-                                                                               
TABLE_NAME                                                                      
--------------------------------------------------------------------------------
SEARCH_CONDITION                                                                
--------------------------------------------------------------------------------
SEARCH_CONDITION_VC                                                             
--------------------------------------------------------------------------------
R_OWNER                                                                         
--------------------------------------------------------------------------------
R_CONSTRAINT_NAME                                                               
--------------------------------------------------------------------------------
DELETE_RU STATUS   DEFERRABLE     DEFERRED  VALIDATED     GENERATED      BAD    
--------- -------- -------------- --------- ------------- -------------- ---    
RELY LAST_CHAN                                                                  
---- ---------                                                                  
INDEX_OWNER                                                                     
--------------------------------------------------------------------------------
INDEX_NAME                                                                      
--------------------------------------------------------------------------------
INVALID VIEW_RELATED   ORIGIN_CON_ID                                            
------- -------------- -------------                                            
     02-OCT-17                                                                  

OWNER                                                                           
--------------------------------------------------------------------------------
CONSTRAINT_NAME                                                                 
--------------------------------------------------------------------------------
C                                                                               
-                                                                               
TABLE_NAME                                                                      
--------------------------------------------------------------------------------
SEARCH_CONDITION                                                                
--------------------------------------------------------------------------------
SEARCH_CONDITION_VC                                                             
--------------------------------------------------------------------------------
R_OWNER                                                                         
--------------------------------------------------------------------------------
R_CONSTRAINT_NAME                                                               
--------------------------------------------------------------------------------
DELETE_RU STATUS   DEFERRABLE     DEFERRED  VALIDATED     GENERATED      BAD    
--------- -------- -------------- --------- ------------- -------------- ---    
RELY LAST_CHAN                                                                  
---- ---------                                                                  
INDEX_OWNER                                                                     
--------------------------------------------------------------------------------
INDEX_NAME                                                                      
--------------------------------------------------------------------------------
INVALID VIEW_RELATED   ORIGIN_CON_ID                                            
------- -------------- -------------                                            
                                                                                

OWNER                                                                           
--------------------------------------------------------------------------------
CONSTRAINT_NAME                                                                 
--------------------------------------------------------------------------------
C                                                                               
-                                                                               
TABLE_NAME                                                                      
--------------------------------------------------------------------------------
SEARCH_CONDITION                                                                
--------------------------------------------------------------------------------
SEARCH_CONDITION_VC                                                             
--------------------------------------------------------------------------------
R_OWNER                                                                         
--------------------------------------------------------------------------------
R_CONSTRAINT_NAME                                                               
--------------------------------------------------------------------------------
DELETE_RU STATUS   DEFERRABLE     DEFERRED  VALIDATED     GENERATED      BAD    
--------- -------- -------------- --------- ------------- -------------- ---    
RELY LAST_CHAN                                                                  
---- ---------                                                                  
INDEX_OWNER                                                                     
--------------------------------------------------------------------------------
INDEX_NAME                                                                      
--------------------------------------------------------------------------------
INVALID VIEW_RELATED   ORIGIN_CON_ID                                            
------- -------------- -------------                                            
                                                                                

OWNER                                                                           
--------------------------------------------------------------------------------
CONSTRAINT_NAME                                                                 
--------------------------------------------------------------------------------
C                                                                               
-                                                                               
TABLE_NAME                                                                      
--------------------------------------------------------------------------------
SEARCH_CONDITION                                                                
--------------------------------------------------------------------------------
SEARCH_CONDITION_VC                                                             
--------------------------------------------------------------------------------
R_OWNER                                                                         
--------------------------------------------------------------------------------
R_CONSTRAINT_NAME                                                               
--------------------------------------------------------------------------------
DELETE_RU STATUS   DEFERRABLE     DEFERRED  VALIDATED     GENERATED      BAD    
--------- -------- -------------- --------- ------------- -------------- ---    
RELY LAST_CHAN                                                                  
---- ---------                                                                  
INDEX_OWNER                                                                     
--------------------------------------------------------------------------------
INDEX_NAME                                                                      
--------------------------------------------------------------------------------
INVALID VIEW_RELATED   ORIGIN_CON_ID                                            
------- -------------- -------------                                            
                                   1                                            

OWNER                                                                           
--------------------------------------------------------------------------------
CONSTRAINT_NAME                                                                 
--------------------------------------------------------------------------------
C                                                                               
-                                                                               
TABLE_NAME                                                                      
--------------------------------------------------------------------------------
SEARCH_CONDITION                                                                
--------------------------------------------------------------------------------
SEARCH_CONDITION_VC                                                             
--------------------------------------------------------------------------------
R_OWNER                                                                         
--------------------------------------------------------------------------------
R_CONSTRAINT_NAME                                                               
--------------------------------------------------------------------------------
DELETE_RU STATUS   DEFERRABLE     DEFERRED  VALIDATED     GENERATED      BAD    
--------- -------- -------------- --------- ------------- -------------- ---    
RELY LAST_CHAN                                                                  
---- ---------                                                                  
INDEX_OWNER                                                                     
--------------------------------------------------------------------------------
INDEX_NAME                                                                      
--------------------------------------------------------------------------------
INVALID VIEW_RELATED   ORIGIN_CON_ID                                            
------- -------------- -------------                                            
                                                                                

OWNER                                                                           
--------------------------------------------------------------------------------
CONSTRAINT_NAME                                                                 
--------------------------------------------------------------------------------
C                                                                               
-                                                                               
TABLE_NAME                                                                      
--------------------------------------------------------------------------------
SEARCH_CONDITION                                                                
--------------------------------------------------------------------------------
SEARCH_CONDITION_VC                                                             
--------------------------------------------------------------------------------
R_OWNER                                                                         
--------------------------------------------------------------------------------
R_CONSTRAINT_NAME                                                               
--------------------------------------------------------------------------------
DELETE_RU STATUS   DEFERRABLE     DEFERRED  VALIDATED     GENERATED      BAD    
--------- -------- -------------- --------- ------------- -------------- ---    
RELY LAST_CHAN                                                                  
---- ---------                                                                  
INDEX_OWNER                                                                     
--------------------------------------------------------------------------------
INDEX_NAME                                                                      
--------------------------------------------------------------------------------
INVALID VIEW_RELATED   ORIGIN_CON_ID                                            
------- -------------- -------------                                            
ICT                                                                             

OWNER                                                                           
--------------------------------------------------------------------------------
CONSTRAINT_NAME                                                                 
--------------------------------------------------------------------------------
C                                                                               
-                                                                               
TABLE_NAME                                                                      
--------------------------------------------------------------------------------
SEARCH_CONDITION                                                                
--------------------------------------------------------------------------------
SEARCH_CONDITION_VC                                                             
--------------------------------------------------------------------------------
R_OWNER                                                                         
--------------------------------------------------------------------------------
R_CONSTRAINT_NAME                                                               
--------------------------------------------------------------------------------
DELETE_RU STATUS   DEFERRABLE     DEFERRED  VALIDATED     GENERATED      BAD    
--------- -------- -------------- --------- ------------- -------------- ---    
RELY LAST_CHAN                                                                  
---- ---------                                                                  
INDEX_OWNER                                                                     
--------------------------------------------------------------------------------
INDEX_NAME                                                                      
--------------------------------------------------------------------------------
INVALID VIEW_RELATED   ORIGIN_CON_ID                                            
------- -------------- -------------                                            
SYS_C0010012                                                                    

OWNER                                                                           
--------------------------------------------------------------------------------
CONSTRAINT_NAME                                                                 
--------------------------------------------------------------------------------
C                                                                               
-                                                                               
TABLE_NAME                                                                      
--------------------------------------------------------------------------------
SEARCH_CONDITION                                                                
--------------------------------------------------------------------------------
SEARCH_CONDITION_VC                                                             
--------------------------------------------------------------------------------
R_OWNER                                                                         
--------------------------------------------------------------------------------
R_CONSTRAINT_NAME                                                               
--------------------------------------------------------------------------------
DELETE_RU STATUS   DEFERRABLE     DEFERRED  VALIDATED     GENERATED      BAD    
--------- -------- -------------- --------- ------------- -------------- ---    
RELY LAST_CHAN                                                                  
---- ---------                                                                  
INDEX_OWNER                                                                     
--------------------------------------------------------------------------------
INDEX_NAME                                                                      
--------------------------------------------------------------------------------
INVALID VIEW_RELATED   ORIGIN_CON_ID                                            
------- -------------- -------------                                            
P                                                                               

OWNER                                                                           
--------------------------------------------------------------------------------
CONSTRAINT_NAME                                                                 
--------------------------------------------------------------------------------
C                                                                               
-                                                                               
TABLE_NAME                                                                      
--------------------------------------------------------------------------------
SEARCH_CONDITION                                                                
--------------------------------------------------------------------------------
SEARCH_CONDITION_VC                                                             
--------------------------------------------------------------------------------
R_OWNER                                                                         
--------------------------------------------------------------------------------
R_CONSTRAINT_NAME                                                               
--------------------------------------------------------------------------------
DELETE_RU STATUS   DEFERRABLE     DEFERRED  VALIDATED     GENERATED      BAD    
--------- -------- -------------- --------- ------------- -------------- ---    
RELY LAST_CHAN                                                                  
---- ---------                                                                  
INDEX_OWNER                                                                     
--------------------------------------------------------------------------------
INDEX_NAME                                                                      
--------------------------------------------------------------------------------
INVALID VIEW_RELATED   ORIGIN_CON_ID                                            
------- -------------- -------------                                            
CUSTOMER                                                                        

OWNER                                                                           
--------------------------------------------------------------------------------
CONSTRAINT_NAME                                                                 
--------------------------------------------------------------------------------
C                                                                               
-                                                                               
TABLE_NAME                                                                      
--------------------------------------------------------------------------------
SEARCH_CONDITION                                                                
--------------------------------------------------------------------------------
SEARCH_CONDITION_VC                                                             
--------------------------------------------------------------------------------
R_OWNER                                                                         
--------------------------------------------------------------------------------
R_CONSTRAINT_NAME                                                               
--------------------------------------------------------------------------------
DELETE_RU STATUS   DEFERRABLE     DEFERRED  VALIDATED     GENERATED      BAD    
--------- -------- -------------- --------- ------------- -------------- ---    
RELY LAST_CHAN                                                                  
---- ---------                                                                  
INDEX_OWNER                                                                     
--------------------------------------------------------------------------------
INDEX_NAME                                                                      
--------------------------------------------------------------------------------
INVALID VIEW_RELATED   ORIGIN_CON_ID                                            
------- -------------- -------------                                            
                                                                                

OWNER                                                                           
--------------------------------------------------------------------------------
CONSTRAINT_NAME                                                                 
--------------------------------------------------------------------------------
C                                                                               
-                                                                               
TABLE_NAME                                                                      
--------------------------------------------------------------------------------
SEARCH_CONDITION                                                                
--------------------------------------------------------------------------------
SEARCH_CONDITION_VC                                                             
--------------------------------------------------------------------------------
R_OWNER                                                                         
--------------------------------------------------------------------------------
R_CONSTRAINT_NAME                                                               
--------------------------------------------------------------------------------
DELETE_RU STATUS   DEFERRABLE     DEFERRED  VALIDATED     GENERATED      BAD    
--------- -------- -------------- --------- ------------- -------------- ---    
RELY LAST_CHAN                                                                  
---- ---------                                                                  
INDEX_OWNER                                                                     
--------------------------------------------------------------------------------
INDEX_NAME                                                                      
--------------------------------------------------------------------------------
INVALID VIEW_RELATED   ORIGIN_CON_ID                                            
------- -------------- -------------                                            
                                                                                

OWNER                                                                           
--------------------------------------------------------------------------------
CONSTRAINT_NAME                                                                 
--------------------------------------------------------------------------------
C                                                                               
-                                                                               
TABLE_NAME                                                                      
--------------------------------------------------------------------------------
SEARCH_CONDITION                                                                
--------------------------------------------------------------------------------
SEARCH_CONDITION_VC                                                             
--------------------------------------------------------------------------------
R_OWNER                                                                         
--------------------------------------------------------------------------------
R_CONSTRAINT_NAME                                                               
--------------------------------------------------------------------------------
DELETE_RU STATUS   DEFERRABLE     DEFERRED  VALIDATED     GENERATED      BAD    
--------- -------- -------------- --------- ------------- -------------- ---    
RELY LAST_CHAN                                                                  
---- ---------                                                                  
INDEX_OWNER                                                                     
--------------------------------------------------------------------------------
INDEX_NAME                                                                      
--------------------------------------------------------------------------------
INVALID VIEW_RELATED   ORIGIN_CON_ID                                            
------- -------------- -------------                                            
                                                                                

OWNER                                                                           
--------------------------------------------------------------------------------
CONSTRAINT_NAME                                                                 
--------------------------------------------------------------------------------
C                                                                               
-                                                                               
TABLE_NAME                                                                      
--------------------------------------------------------------------------------
SEARCH_CONDITION                                                                
--------------------------------------------------------------------------------
SEARCH_CONDITION_VC                                                             
--------------------------------------------------------------------------------
R_OWNER                                                                         
--------------------------------------------------------------------------------
R_CONSTRAINT_NAME                                                               
--------------------------------------------------------------------------------
DELETE_RU STATUS   DEFERRABLE     DEFERRED  VALIDATED     GENERATED      BAD    
--------- -------- -------------- --------- ------------- -------------- ---    
RELY LAST_CHAN                                                                  
---- ---------                                                                  
INDEX_OWNER                                                                     
--------------------------------------------------------------------------------
INDEX_NAME                                                                      
--------------------------------------------------------------------------------
INVALID VIEW_RELATED   ORIGIN_CON_ID                                            
------- -------------- -------------                                            
                                                                                

OWNER                                                                           
--------------------------------------------------------------------------------
CONSTRAINT_NAME                                                                 
--------------------------------------------------------------------------------
C                                                                               
-                                                                               
TABLE_NAME                                                                      
--------------------------------------------------------------------------------
SEARCH_CONDITION                                                                
--------------------------------------------------------------------------------
SEARCH_CONDITION_VC                                                             
--------------------------------------------------------------------------------
R_OWNER                                                                         
--------------------------------------------------------------------------------
R_CONSTRAINT_NAME                                                               
--------------------------------------------------------------------------------
DELETE_RU STATUS   DEFERRABLE     DEFERRED  VALIDATED     GENERATED      BAD    
--------- -------- -------------- --------- ------------- -------------- ---    
RELY LAST_CHAN                                                                  
---- ---------                                                                  
INDEX_OWNER                                                                     
--------------------------------------------------------------------------------
INDEX_NAME                                                                      
--------------------------------------------------------------------------------
INVALID VIEW_RELATED   ORIGIN_CON_ID                                            
------- -------------- -------------                                            
          ENABLED  NOT DEFERRABLE IMMEDIATE VALIDATED     GENERATED NAME        

OWNER                                                                           
--------------------------------------------------------------------------------
CONSTRAINT_NAME                                                                 
--------------------------------------------------------------------------------
C                                                                               
-                                                                               
TABLE_NAME                                                                      
--------------------------------------------------------------------------------
SEARCH_CONDITION                                                                
--------------------------------------------------------------------------------
SEARCH_CONDITION_VC                                                             
--------------------------------------------------------------------------------
R_OWNER                                                                         
--------------------------------------------------------------------------------
R_CONSTRAINT_NAME                                                               
--------------------------------------------------------------------------------
DELETE_RU STATUS   DEFERRABLE     DEFERRED  VALIDATED     GENERATED      BAD    
--------- -------- -------------- --------- ------------- -------------- ---    
RELY LAST_CHAN                                                                  
---- ---------                                                                  
INDEX_OWNER                                                                     
--------------------------------------------------------------------------------
INDEX_NAME                                                                      
--------------------------------------------------------------------------------
INVALID VIEW_RELATED   ORIGIN_CON_ID                                            
------- -------------- -------------                                            
     02-OCT-17                                                                  

OWNER                                                                           
--------------------------------------------------------------------------------
CONSTRAINT_NAME                                                                 
--------------------------------------------------------------------------------
C                                                                               
-                                                                               
TABLE_NAME                                                                      
--------------------------------------------------------------------------------
SEARCH_CONDITION                                                                
--------------------------------------------------------------------------------
SEARCH_CONDITION_VC                                                             
--------------------------------------------------------------------------------
R_OWNER                                                                         
--------------------------------------------------------------------------------
R_CONSTRAINT_NAME                                                               
--------------------------------------------------------------------------------
DELETE_RU STATUS   DEFERRABLE     DEFERRED  VALIDATED     GENERATED      BAD    
--------- -------- -------------- --------- ------------- -------------- ---    
RELY LAST_CHAN                                                                  
---- ---------                                                                  
INDEX_OWNER                                                                     
--------------------------------------------------------------------------------
INDEX_NAME                                                                      
--------------------------------------------------------------------------------
INVALID VIEW_RELATED   ORIGIN_CON_ID                                            
------- -------------- -------------                                            
ICT                                                                             

OWNER                                                                           
--------------------------------------------------------------------------------
CONSTRAINT_NAME                                                                 
--------------------------------------------------------------------------------
C                                                                               
-                                                                               
TABLE_NAME                                                                      
--------------------------------------------------------------------------------
SEARCH_CONDITION                                                                
--------------------------------------------------------------------------------
SEARCH_CONDITION_VC                                                             
--------------------------------------------------------------------------------
R_OWNER                                                                         
--------------------------------------------------------------------------------
R_CONSTRAINT_NAME                                                               
--------------------------------------------------------------------------------
DELETE_RU STATUS   DEFERRABLE     DEFERRED  VALIDATED     GENERATED      BAD    
--------- -------- -------------- --------- ------------- -------------- ---    
RELY LAST_CHAN                                                                  
---- ---------                                                                  
INDEX_OWNER                                                                     
--------------------------------------------------------------------------------
INDEX_NAME                                                                      
--------------------------------------------------------------------------------
INVALID VIEW_RELATED   ORIGIN_CON_ID                                            
------- -------------- -------------                                            
SYS_C0010012                                                                    

OWNER                                                                           
--------------------------------------------------------------------------------
CONSTRAINT_NAME                                                                 
--------------------------------------------------------------------------------
C                                                                               
-                                                                               
TABLE_NAME                                                                      
--------------------------------------------------------------------------------
SEARCH_CONDITION                                                                
--------------------------------------------------------------------------------
SEARCH_CONDITION_VC                                                             
--------------------------------------------------------------------------------
R_OWNER                                                                         
--------------------------------------------------------------------------------
R_CONSTRAINT_NAME                                                               
--------------------------------------------------------------------------------
DELETE_RU STATUS   DEFERRABLE     DEFERRED  VALIDATED     GENERATED      BAD    
--------- -------- -------------- --------- ------------- -------------- ---    
RELY LAST_CHAN                                                                  
---- ---------                                                                  
INDEX_OWNER                                                                     
--------------------------------------------------------------------------------
INDEX_NAME                                                                      
--------------------------------------------------------------------------------
INVALID VIEW_RELATED   ORIGIN_CON_ID                                            
------- -------------- -------------                                            
                                   1                                            

OWNER                                                                           
--------------------------------------------------------------------------------
CONSTRAINT_NAME                                                                 
--------------------------------------------------------------------------------
C                                                                               
-                                                                               
TABLE_NAME                                                                      
--------------------------------------------------------------------------------
SEARCH_CONDITION                                                                
--------------------------------------------------------------------------------
SEARCH_CONDITION_VC                                                             
--------------------------------------------------------------------------------
R_OWNER                                                                         
--------------------------------------------------------------------------------
R_CONSTRAINT_NAME                                                               
--------------------------------------------------------------------------------
DELETE_RU STATUS   DEFERRABLE     DEFERRED  VALIDATED     GENERATED      BAD    
--------- -------- -------------- --------- ------------- -------------- ---    
RELY LAST_CHAN                                                                  
---- ---------                                                                  
INDEX_OWNER                                                                     
--------------------------------------------------------------------------------
INDEX_NAME                                                                      
--------------------------------------------------------------------------------
INVALID VIEW_RELATED   ORIGIN_CON_ID                                            
------- -------------- -------------                                            
                                                                                

OWNER                                                                           
--------------------------------------------------------------------------------
CONSTRAINT_NAME                                                                 
--------------------------------------------------------------------------------
C                                                                               
-                                                                               
TABLE_NAME                                                                      
--------------------------------------------------------------------------------
SEARCH_CONDITION                                                                
--------------------------------------------------------------------------------
SEARCH_CONDITION_VC                                                             
--------------------------------------------------------------------------------
R_OWNER                                                                         
--------------------------------------------------------------------------------
R_CONSTRAINT_NAME                                                               
--------------------------------------------------------------------------------
DELETE_RU STATUS   DEFERRABLE     DEFERRED  VALIDATED     GENERATED      BAD    
--------- -------- -------------- --------- ------------- -------------- ---    
RELY LAST_CHAN                                                                  
---- ---------                                                                  
INDEX_OWNER                                                                     
--------------------------------------------------------------------------------
INDEX_NAME                                                                      
--------------------------------------------------------------------------------
INVALID VIEW_RELATED   ORIGIN_CON_ID                                            
------- -------------- -------------                                            
ICT                                                                             

OWNER                                                                           
--------------------------------------------------------------------------------
CONSTRAINT_NAME                                                                 
--------------------------------------------------------------------------------
C                                                                               
-                                                                               
TABLE_NAME                                                                      
--------------------------------------------------------------------------------
SEARCH_CONDITION                                                                
--------------------------------------------------------------------------------
SEARCH_CONDITION_VC                                                             
--------------------------------------------------------------------------------
R_OWNER                                                                         
--------------------------------------------------------------------------------
R_CONSTRAINT_NAME                                                               
--------------------------------------------------------------------------------
DELETE_RU STATUS   DEFERRABLE     DEFERRED  VALIDATED     GENERATED      BAD    
--------- -------- -------------- --------- ------------- -------------- ---    
RELY LAST_CHAN                                                                  
---- ---------                                                                  
INDEX_OWNER                                                                     
--------------------------------------------------------------------------------
INDEX_NAME                                                                      
--------------------------------------------------------------------------------
INVALID VIEW_RELATED   ORIGIN_CON_ID                                            
------- -------------- -------------                                            
CHECK_EMPLOYEE_ID                                                               

OWNER                                                                           
--------------------------------------------------------------------------------
CONSTRAINT_NAME                                                                 
--------------------------------------------------------------------------------
C                                                                               
-                                                                               
TABLE_NAME                                                                      
--------------------------------------------------------------------------------
SEARCH_CONDITION                                                                
--------------------------------------------------------------------------------
SEARCH_CONDITION_VC                                                             
--------------------------------------------------------------------------------
R_OWNER                                                                         
--------------------------------------------------------------------------------
R_CONSTRAINT_NAME                                                               
--------------------------------------------------------------------------------
DELETE_RU STATUS   DEFERRABLE     DEFERRED  VALIDATED     GENERATED      BAD    
--------- -------- -------------- --------- ------------- -------------- ---    
RELY LAST_CHAN                                                                  
---- ---------                                                                  
INDEX_OWNER                                                                     
--------------------------------------------------------------------------------
INDEX_NAME                                                                      
--------------------------------------------------------------------------------
INVALID VIEW_RELATED   ORIGIN_CON_ID                                            
------- -------------- -------------                                            
C                                                                               

OWNER                                                                           
--------------------------------------------------------------------------------
CONSTRAINT_NAME                                                                 
--------------------------------------------------------------------------------
C                                                                               
-                                                                               
TABLE_NAME                                                                      
--------------------------------------------------------------------------------
SEARCH_CONDITION                                                                
--------------------------------------------------------------------------------
SEARCH_CONDITION_VC                                                             
--------------------------------------------------------------------------------
R_OWNER                                                                         
--------------------------------------------------------------------------------
R_CONSTRAINT_NAME                                                               
--------------------------------------------------------------------------------
DELETE_RU STATUS   DEFERRABLE     DEFERRED  VALIDATED     GENERATED      BAD    
--------- -------- -------------- --------- ------------- -------------- ---    
RELY LAST_CHAN                                                                  
---- ---------                                                                  
INDEX_OWNER                                                                     
--------------------------------------------------------------------------------
INDEX_NAME                                                                      
--------------------------------------------------------------------------------
INVALID VIEW_RELATED   ORIGIN_CON_ID                                            
------- -------------- -------------                                            
EMPLOYEE                                                                        

OWNER                                                                           
--------------------------------------------------------------------------------
CONSTRAINT_NAME                                                                 
--------------------------------------------------------------------------------
C                                                                               
-                                                                               
TABLE_NAME                                                                      
--------------------------------------------------------------------------------
SEARCH_CONDITION                                                                
--------------------------------------------------------------------------------
SEARCH_CONDITION_VC                                                             
--------------------------------------------------------------------------------
R_OWNER                                                                         
--------------------------------------------------------------------------------
R_CONSTRAINT_NAME                                                               
--------------------------------------------------------------------------------
DELETE_RU STATUS   DEFERRABLE     DEFERRED  VALIDATED     GENERATED      BAD    
--------- -------- -------------- --------- ------------- -------------- ---    
RELY LAST_CHAN                                                                  
---- ---------                                                                  
INDEX_OWNER                                                                     
--------------------------------------------------------------------------------
INDEX_NAME                                                                      
--------------------------------------------------------------------------------
INVALID VIEW_RELATED   ORIGIN_CON_ID                                            
------- -------------- -------------                                            
employee_id <100                                                                

OWNER                                                                           
--------------------------------------------------------------------------------
CONSTRAINT_NAME                                                                 
--------------------------------------------------------------------------------
C                                                                               
-                                                                               
TABLE_NAME                                                                      
--------------------------------------------------------------------------------
SEARCH_CONDITION                                                                
--------------------------------------------------------------------------------
SEARCH_CONDITION_VC                                                             
--------------------------------------------------------------------------------
R_OWNER                                                                         
--------------------------------------------------------------------------------
R_CONSTRAINT_NAME                                                               
--------------------------------------------------------------------------------
DELETE_RU STATUS   DEFERRABLE     DEFERRED  VALIDATED     GENERATED      BAD    
--------- -------- -------------- --------- ------------- -------------- ---    
RELY LAST_CHAN                                                                  
---- ---------                                                                  
INDEX_OWNER                                                                     
--------------------------------------------------------------------------------
INDEX_NAME                                                                      
--------------------------------------------------------------------------------
INVALID VIEW_RELATED   ORIGIN_CON_ID                                            
------- -------------- -------------                                            
employee_id <100                                                                

OWNER                                                                           
--------------------------------------------------------------------------------
CONSTRAINT_NAME                                                                 
--------------------------------------------------------------------------------
C                                                                               
-                                                                               
TABLE_NAME                                                                      
--------------------------------------------------------------------------------
SEARCH_CONDITION                                                                
--------------------------------------------------------------------------------
SEARCH_CONDITION_VC                                                             
--------------------------------------------------------------------------------
R_OWNER                                                                         
--------------------------------------------------------------------------------
R_CONSTRAINT_NAME                                                               
--------------------------------------------------------------------------------
DELETE_RU STATUS   DEFERRABLE     DEFERRED  VALIDATED     GENERATED      BAD    
--------- -------- -------------- --------- ------------- -------------- ---    
RELY LAST_CHAN                                                                  
---- ---------                                                                  
INDEX_OWNER                                                                     
--------------------------------------------------------------------------------
INDEX_NAME                                                                      
--------------------------------------------------------------------------------
INVALID VIEW_RELATED   ORIGIN_CON_ID                                            
------- -------------- -------------                                            
                                                                                

OWNER                                                                           
--------------------------------------------------------------------------------
CONSTRAINT_NAME                                                                 
--------------------------------------------------------------------------------
C                                                                               
-                                                                               
TABLE_NAME                                                                      
--------------------------------------------------------------------------------
SEARCH_CONDITION                                                                
--------------------------------------------------------------------------------
SEARCH_CONDITION_VC                                                             
--------------------------------------------------------------------------------
R_OWNER                                                                         
--------------------------------------------------------------------------------
R_CONSTRAINT_NAME                                                               
--------------------------------------------------------------------------------
DELETE_RU STATUS   DEFERRABLE     DEFERRED  VALIDATED     GENERATED      BAD    
--------- -------- -------------- --------- ------------- -------------- ---    
RELY LAST_CHAN                                                                  
---- ---------                                                                  
INDEX_OWNER                                                                     
--------------------------------------------------------------------------------
INDEX_NAME                                                                      
--------------------------------------------------------------------------------
INVALID VIEW_RELATED   ORIGIN_CON_ID                                            
------- -------------- -------------                                            
                                                                                

OWNER                                                                           
--------------------------------------------------------------------------------
CONSTRAINT_NAME                                                                 
--------------------------------------------------------------------------------
C                                                                               
-                                                                               
TABLE_NAME                                                                      
--------------------------------------------------------------------------------
SEARCH_CONDITION                                                                
--------------------------------------------------------------------------------
SEARCH_CONDITION_VC                                                             
--------------------------------------------------------------------------------
R_OWNER                                                                         
--------------------------------------------------------------------------------
R_CONSTRAINT_NAME                                                               
--------------------------------------------------------------------------------
DELETE_RU STATUS   DEFERRABLE     DEFERRED  VALIDATED     GENERATED      BAD    
--------- -------- -------------- --------- ------------- -------------- ---    
RELY LAST_CHAN                                                                  
---- ---------                                                                  
INDEX_OWNER                                                                     
--------------------------------------------------------------------------------
INDEX_NAME                                                                      
--------------------------------------------------------------------------------
INVALID VIEW_RELATED   ORIGIN_CON_ID                                            
------- -------------- -------------                                            
          ENABLED  NOT DEFERRABLE IMMEDIATE VALIDATED     USER NAME             

OWNER                                                                           
--------------------------------------------------------------------------------
CONSTRAINT_NAME                                                                 
--------------------------------------------------------------------------------
C                                                                               
-                                                                               
TABLE_NAME                                                                      
--------------------------------------------------------------------------------
SEARCH_CONDITION                                                                
--------------------------------------------------------------------------------
SEARCH_CONDITION_VC                                                             
--------------------------------------------------------------------------------
R_OWNER                                                                         
--------------------------------------------------------------------------------
R_CONSTRAINT_NAME                                                               
--------------------------------------------------------------------------------
DELETE_RU STATUS   DEFERRABLE     DEFERRED  VALIDATED     GENERATED      BAD    
--------- -------- -------------- --------- ------------- -------------- ---    
RELY LAST_CHAN                                                                  
---- ---------                                                                  
INDEX_OWNER                                                                     
--------------------------------------------------------------------------------
INDEX_NAME                                                                      
--------------------------------------------------------------------------------
INVALID VIEW_RELATED   ORIGIN_CON_ID                                            
------- -------------- -------------                                            
     02-OCT-17                                                                  

OWNER                                                                           
--------------------------------------------------------------------------------
CONSTRAINT_NAME                                                                 
--------------------------------------------------------------------------------
C                                                                               
-                                                                               
TABLE_NAME                                                                      
--------------------------------------------------------------------------------
SEARCH_CONDITION                                                                
--------------------------------------------------------------------------------
SEARCH_CONDITION_VC                                                             
--------------------------------------------------------------------------------
R_OWNER                                                                         
--------------------------------------------------------------------------------
R_CONSTRAINT_NAME                                                               
--------------------------------------------------------------------------------
DELETE_RU STATUS   DEFERRABLE     DEFERRED  VALIDATED     GENERATED      BAD    
--------- -------- -------------- --------- ------------- -------------- ---    
RELY LAST_CHAN                                                                  
---- ---------                                                                  
INDEX_OWNER                                                                     
--------------------------------------------------------------------------------
INDEX_NAME                                                                      
--------------------------------------------------------------------------------
INVALID VIEW_RELATED   ORIGIN_CON_ID                                            
------- -------------- -------------                                            
                                                                                

OWNER                                                                           
--------------------------------------------------------------------------------
CONSTRAINT_NAME                                                                 
--------------------------------------------------------------------------------
C                                                                               
-                                                                               
TABLE_NAME                                                                      
--------------------------------------------------------------------------------
SEARCH_CONDITION                                                                
--------------------------------------------------------------------------------
SEARCH_CONDITION_VC                                                             
--------------------------------------------------------------------------------
R_OWNER                                                                         
--------------------------------------------------------------------------------
R_CONSTRAINT_NAME                                                               
--------------------------------------------------------------------------------
DELETE_RU STATUS   DEFERRABLE     DEFERRED  VALIDATED     GENERATED      BAD    
--------- -------- -------------- --------- ------------- -------------- ---    
RELY LAST_CHAN                                                                  
---- ---------                                                                  
INDEX_OWNER                                                                     
--------------------------------------------------------------------------------
INDEX_NAME                                                                      
--------------------------------------------------------------------------------
INVALID VIEW_RELATED   ORIGIN_CON_ID                                            
------- -------------- -------------                                            
                                                                                

OWNER                                                                           
--------------------------------------------------------------------------------
CONSTRAINT_NAME                                                                 
--------------------------------------------------------------------------------
C                                                                               
-                                                                               
TABLE_NAME                                                                      
--------------------------------------------------------------------------------
SEARCH_CONDITION                                                                
--------------------------------------------------------------------------------
SEARCH_CONDITION_VC                                                             
--------------------------------------------------------------------------------
R_OWNER                                                                         
--------------------------------------------------------------------------------
R_CONSTRAINT_NAME                                                               
--------------------------------------------------------------------------------
DELETE_RU STATUS   DEFERRABLE     DEFERRED  VALIDATED     GENERATED      BAD    
--------- -------- -------------- --------- ------------- -------------- ---    
RELY LAST_CHAN                                                                  
---- ---------                                                                  
INDEX_OWNER                                                                     
--------------------------------------------------------------------------------
INDEX_NAME                                                                      
--------------------------------------------------------------------------------
INVALID VIEW_RELATED   ORIGIN_CON_ID                                            
------- -------------- -------------                                            
                                   1                                            

OWNER                                                                           
--------------------------------------------------------------------------------
CONSTRAINT_NAME                                                                 
--------------------------------------------------------------------------------
C                                                                               
-                                                                               
TABLE_NAME                                                                      
--------------------------------------------------------------------------------
SEARCH_CONDITION                                                                
--------------------------------------------------------------------------------
SEARCH_CONDITION_VC                                                             
--------------------------------------------------------------------------------
R_OWNER                                                                         
--------------------------------------------------------------------------------
R_CONSTRAINT_NAME                                                               
--------------------------------------------------------------------------------
DELETE_RU STATUS   DEFERRABLE     DEFERRED  VALIDATED     GENERATED      BAD    
--------- -------- -------------- --------- ------------- -------------- ---    
RELY LAST_CHAN                                                                  
---- ---------                                                                  
INDEX_OWNER                                                                     
--------------------------------------------------------------------------------
INDEX_NAME                                                                      
--------------------------------------------------------------------------------
INVALID VIEW_RELATED   ORIGIN_CON_ID                                            
------- -------------- -------------                                            
                                                                                

OWNER                                                                           
--------------------------------------------------------------------------------
CONSTRAINT_NAME                                                                 
--------------------------------------------------------------------------------
C                                                                               
-                                                                               
TABLE_NAME                                                                      
--------------------------------------------------------------------------------
SEARCH_CONDITION                                                                
--------------------------------------------------------------------------------
SEARCH_CONDITION_VC                                                             
--------------------------------------------------------------------------------
R_OWNER                                                                         
--------------------------------------------------------------------------------
R_CONSTRAINT_NAME                                                               
--------------------------------------------------------------------------------
DELETE_RU STATUS   DEFERRABLE     DEFERRED  VALIDATED     GENERATED      BAD    
--------- -------- -------------- --------- ------------- -------------- ---    
RELY LAST_CHAN                                                                  
---- ---------                                                                  
INDEX_OWNER                                                                     
--------------------------------------------------------------------------------
INDEX_NAME                                                                      
--------------------------------------------------------------------------------
INVALID VIEW_RELATED   ORIGIN_CON_ID                                            
------- -------------- -------------                                            
ICT                                                                             

OWNER                                                                           
--------------------------------------------------------------------------------
CONSTRAINT_NAME                                                                 
--------------------------------------------------------------------------------
C                                                                               
-                                                                               
TABLE_NAME                                                                      
--------------------------------------------------------------------------------
SEARCH_CONDITION                                                                
--------------------------------------------------------------------------------
SEARCH_CONDITION_VC                                                             
--------------------------------------------------------------------------------
R_OWNER                                                                         
--------------------------------------------------------------------------------
R_CONSTRAINT_NAME                                                               
--------------------------------------------------------------------------------
DELETE_RU STATUS   DEFERRABLE     DEFERRED  VALIDATED     GENERATED      BAD    
--------- -------- -------------- --------- ------------- -------------- ---    
RELY LAST_CHAN                                                                  
---- ---------                                                                  
INDEX_OWNER                                                                     
--------------------------------------------------------------------------------
INDEX_NAME                                                                      
--------------------------------------------------------------------------------
INVALID VIEW_RELATED   ORIGIN_CON_ID                                            
------- -------------- -------------                                            
SYS_C0010007                                                                    

OWNER                                                                           
--------------------------------------------------------------------------------
CONSTRAINT_NAME                                                                 
--------------------------------------------------------------------------------
C                                                                               
-                                                                               
TABLE_NAME                                                                      
--------------------------------------------------------------------------------
SEARCH_CONDITION                                                                
--------------------------------------------------------------------------------
SEARCH_CONDITION_VC                                                             
--------------------------------------------------------------------------------
R_OWNER                                                                         
--------------------------------------------------------------------------------
R_CONSTRAINT_NAME                                                               
--------------------------------------------------------------------------------
DELETE_RU STATUS   DEFERRABLE     DEFERRED  VALIDATED     GENERATED      BAD    
--------- -------- -------------- --------- ------------- -------------- ---    
RELY LAST_CHAN                                                                  
---- ---------                                                                  
INDEX_OWNER                                                                     
--------------------------------------------------------------------------------
INDEX_NAME                                                                      
--------------------------------------------------------------------------------
INVALID VIEW_RELATED   ORIGIN_CON_ID                                            
------- -------------- -------------                                            
P                                                                               

OWNER                                                                           
--------------------------------------------------------------------------------
CONSTRAINT_NAME                                                                 
--------------------------------------------------------------------------------
C                                                                               
-                                                                               
TABLE_NAME                                                                      
--------------------------------------------------------------------------------
SEARCH_CONDITION                                                                
--------------------------------------------------------------------------------
SEARCH_CONDITION_VC                                                             
--------------------------------------------------------------------------------
R_OWNER                                                                         
--------------------------------------------------------------------------------
R_CONSTRAINT_NAME                                                               
--------------------------------------------------------------------------------
DELETE_RU STATUS   DEFERRABLE     DEFERRED  VALIDATED     GENERATED      BAD    
--------- -------- -------------- --------- ------------- -------------- ---    
RELY LAST_CHAN                                                                  
---- ---------                                                                  
INDEX_OWNER                                                                     
--------------------------------------------------------------------------------
INDEX_NAME                                                                      
--------------------------------------------------------------------------------
INVALID VIEW_RELATED   ORIGIN_CON_ID                                            
------- -------------- -------------                                            
BRANCH                                                                          

OWNER                                                                           
--------------------------------------------------------------------------------
CONSTRAINT_NAME                                                                 
--------------------------------------------------------------------------------
C                                                                               
-                                                                               
TABLE_NAME                                                                      
--------------------------------------------------------------------------------
SEARCH_CONDITION                                                                
--------------------------------------------------------------------------------
SEARCH_CONDITION_VC                                                             
--------------------------------------------------------------------------------
R_OWNER                                                                         
--------------------------------------------------------------------------------
R_CONSTRAINT_NAME                                                               
--------------------------------------------------------------------------------
DELETE_RU STATUS   DEFERRABLE     DEFERRED  VALIDATED     GENERATED      BAD    
--------- -------- -------------- --------- ------------- -------------- ---    
RELY LAST_CHAN                                                                  
---- ---------                                                                  
INDEX_OWNER                                                                     
--------------------------------------------------------------------------------
INDEX_NAME                                                                      
--------------------------------------------------------------------------------
INVALID VIEW_RELATED   ORIGIN_CON_ID                                            
------- -------------- -------------                                            
                                                                                

OWNER                                                                           
--------------------------------------------------------------------------------
CONSTRAINT_NAME                                                                 
--------------------------------------------------------------------------------
C                                                                               
-                                                                               
TABLE_NAME                                                                      
--------------------------------------------------------------------------------
SEARCH_CONDITION                                                                
--------------------------------------------------------------------------------
SEARCH_CONDITION_VC                                                             
--------------------------------------------------------------------------------
R_OWNER                                                                         
--------------------------------------------------------------------------------
R_CONSTRAINT_NAME                                                               
--------------------------------------------------------------------------------
DELETE_RU STATUS   DEFERRABLE     DEFERRED  VALIDATED     GENERATED      BAD    
--------- -------- -------------- --------- ------------- -------------- ---    
RELY LAST_CHAN                                                                  
---- ---------                                                                  
INDEX_OWNER                                                                     
--------------------------------------------------------------------------------
INDEX_NAME                                                                      
--------------------------------------------------------------------------------
INVALID VIEW_RELATED   ORIGIN_CON_ID                                            
------- -------------- -------------                                            
                                                                                

OWNER                                                                           
--------------------------------------------------------------------------------
CONSTRAINT_NAME                                                                 
--------------------------------------------------------------------------------
C                                                                               
-                                                                               
TABLE_NAME                                                                      
--------------------------------------------------------------------------------
SEARCH_CONDITION                                                                
--------------------------------------------------------------------------------
SEARCH_CONDITION_VC                                                             
--------------------------------------------------------------------------------
R_OWNER                                                                         
--------------------------------------------------------------------------------
R_CONSTRAINT_NAME                                                               
--------------------------------------------------------------------------------
DELETE_RU STATUS   DEFERRABLE     DEFERRED  VALIDATED     GENERATED      BAD    
--------- -------- -------------- --------- ------------- -------------- ---    
RELY LAST_CHAN                                                                  
---- ---------                                                                  
INDEX_OWNER                                                                     
--------------------------------------------------------------------------------
INDEX_NAME                                                                      
--------------------------------------------------------------------------------
INVALID VIEW_RELATED   ORIGIN_CON_ID                                            
------- -------------- -------------                                            
                                                                                

OWNER                                                                           
--------------------------------------------------------------------------------
CONSTRAINT_NAME                                                                 
--------------------------------------------------------------------------------
C                                                                               
-                                                                               
TABLE_NAME                                                                      
--------------------------------------------------------------------------------
SEARCH_CONDITION                                                                
--------------------------------------------------------------------------------
SEARCH_CONDITION_VC                                                             
--------------------------------------------------------------------------------
R_OWNER                                                                         
--------------------------------------------------------------------------------
R_CONSTRAINT_NAME                                                               
--------------------------------------------------------------------------------
DELETE_RU STATUS   DEFERRABLE     DEFERRED  VALIDATED     GENERATED      BAD    
--------- -------- -------------- --------- ------------- -------------- ---    
RELY LAST_CHAN                                                                  
---- ---------                                                                  
INDEX_OWNER                                                                     
--------------------------------------------------------------------------------
INDEX_NAME                                                                      
--------------------------------------------------------------------------------
INVALID VIEW_RELATED   ORIGIN_CON_ID                                            
------- -------------- -------------                                            
                                                                                

OWNER                                                                           
--------------------------------------------------------------------------------
CONSTRAINT_NAME                                                                 
--------------------------------------------------------------------------------
C                                                                               
-                                                                               
TABLE_NAME                                                                      
--------------------------------------------------------------------------------
SEARCH_CONDITION                                                                
--------------------------------------------------------------------------------
SEARCH_CONDITION_VC                                                             
--------------------------------------------------------------------------------
R_OWNER                                                                         
--------------------------------------------------------------------------------
R_CONSTRAINT_NAME                                                               
--------------------------------------------------------------------------------
DELETE_RU STATUS   DEFERRABLE     DEFERRED  VALIDATED     GENERATED      BAD    
--------- -------- -------------- --------- ------------- -------------- ---    
RELY LAST_CHAN                                                                  
---- ---------                                                                  
INDEX_OWNER                                                                     
--------------------------------------------------------------------------------
INDEX_NAME                                                                      
--------------------------------------------------------------------------------
INVALID VIEW_RELATED   ORIGIN_CON_ID                                            
------- -------------- -------------                                            
          ENABLED  NOT DEFERRABLE IMMEDIATE VALIDATED     GENERATED NAME        

OWNER                                                                           
--------------------------------------------------------------------------------
CONSTRAINT_NAME                                                                 
--------------------------------------------------------------------------------
C                                                                               
-                                                                               
TABLE_NAME                                                                      
--------------------------------------------------------------------------------
SEARCH_CONDITION                                                                
--------------------------------------------------------------------------------
SEARCH_CONDITION_VC                                                             
--------------------------------------------------------------------------------
R_OWNER                                                                         
--------------------------------------------------------------------------------
R_CONSTRAINT_NAME                                                               
--------------------------------------------------------------------------------
DELETE_RU STATUS   DEFERRABLE     DEFERRED  VALIDATED     GENERATED      BAD    
--------- -------- -------------- --------- ------------- -------------- ---    
RELY LAST_CHAN                                                                  
---- ---------                                                                  
INDEX_OWNER                                                                     
--------------------------------------------------------------------------------
INDEX_NAME                                                                      
--------------------------------------------------------------------------------
INVALID VIEW_RELATED   ORIGIN_CON_ID                                            
------- -------------- -------------                                            
     02-OCT-17                                                                  

OWNER                                                                           
--------------------------------------------------------------------------------
CONSTRAINT_NAME                                                                 
--------------------------------------------------------------------------------
C                                                                               
-                                                                               
TABLE_NAME                                                                      
--------------------------------------------------------------------------------
SEARCH_CONDITION                                                                
--------------------------------------------------------------------------------
SEARCH_CONDITION_VC                                                             
--------------------------------------------------------------------------------
R_OWNER                                                                         
--------------------------------------------------------------------------------
R_CONSTRAINT_NAME                                                               
--------------------------------------------------------------------------------
DELETE_RU STATUS   DEFERRABLE     DEFERRED  VALIDATED     GENERATED      BAD    
--------- -------- -------------- --------- ------------- -------------- ---    
RELY LAST_CHAN                                                                  
---- ---------                                                                  
INDEX_OWNER                                                                     
--------------------------------------------------------------------------------
INDEX_NAME                                                                      
--------------------------------------------------------------------------------
INVALID VIEW_RELATED   ORIGIN_CON_ID                                            
------- -------------- -------------                                            
ICT                                                                             

OWNER                                                                           
--------------------------------------------------------------------------------
CONSTRAINT_NAME                                                                 
--------------------------------------------------------------------------------
C                                                                               
-                                                                               
TABLE_NAME                                                                      
--------------------------------------------------------------------------------
SEARCH_CONDITION                                                                
--------------------------------------------------------------------------------
SEARCH_CONDITION_VC                                                             
--------------------------------------------------------------------------------
R_OWNER                                                                         
--------------------------------------------------------------------------------
R_CONSTRAINT_NAME                                                               
--------------------------------------------------------------------------------
DELETE_RU STATUS   DEFERRABLE     DEFERRED  VALIDATED     GENERATED      BAD    
--------- -------- -------------- --------- ------------- -------------- ---    
RELY LAST_CHAN                                                                  
---- ---------                                                                  
INDEX_OWNER                                                                     
--------------------------------------------------------------------------------
INDEX_NAME                                                                      
--------------------------------------------------------------------------------
INVALID VIEW_RELATED   ORIGIN_CON_ID                                            
------- -------------- -------------                                            
SYS_C0010007                                                                    

OWNER                                                                           
--------------------------------------------------------------------------------
CONSTRAINT_NAME                                                                 
--------------------------------------------------------------------------------
C                                                                               
-                                                                               
TABLE_NAME                                                                      
--------------------------------------------------------------------------------
SEARCH_CONDITION                                                                
--------------------------------------------------------------------------------
SEARCH_CONDITION_VC                                                             
--------------------------------------------------------------------------------
R_OWNER                                                                         
--------------------------------------------------------------------------------
R_CONSTRAINT_NAME                                                               
--------------------------------------------------------------------------------
DELETE_RU STATUS   DEFERRABLE     DEFERRED  VALIDATED     GENERATED      BAD    
--------- -------- -------------- --------- ------------- -------------- ---    
RELY LAST_CHAN                                                                  
---- ---------                                                                  
INDEX_OWNER                                                                     
--------------------------------------------------------------------------------
INDEX_NAME                                                                      
--------------------------------------------------------------------------------
INVALID VIEW_RELATED   ORIGIN_CON_ID                                            
------- -------------- -------------                                            
                                   1                                            

OWNER                                                                           
--------------------------------------------------------------------------------
CONSTRAINT_NAME                                                                 
--------------------------------------------------------------------------------
C                                                                               
-                                                                               
TABLE_NAME                                                                      
--------------------------------------------------------------------------------
SEARCH_CONDITION                                                                
--------------------------------------------------------------------------------
SEARCH_CONDITION_VC                                                             
--------------------------------------------------------------------------------
R_OWNER                                                                         
--------------------------------------------------------------------------------
R_CONSTRAINT_NAME                                                               
--------------------------------------------------------------------------------
DELETE_RU STATUS   DEFERRABLE     DEFERRED  VALIDATED     GENERATED      BAD    
--------- -------- -------------- --------- ------------- -------------- ---    
RELY LAST_CHAN                                                                  
---- ---------                                                                  
INDEX_OWNER                                                                     
--------------------------------------------------------------------------------
INDEX_NAME                                                                      
--------------------------------------------------------------------------------
INVALID VIEW_RELATED   ORIGIN_CON_ID                                            
------- -------------- -------------                                            
                                                                                

OWNER                                                                           
--------------------------------------------------------------------------------
CONSTRAINT_NAME                                                                 
--------------------------------------------------------------------------------
C                                                                               
-                                                                               
TABLE_NAME                                                                      
--------------------------------------------------------------------------------
SEARCH_CONDITION                                                                
--------------------------------------------------------------------------------
SEARCH_CONDITION_VC                                                             
--------------------------------------------------------------------------------
R_OWNER                                                                         
--------------------------------------------------------------------------------
R_CONSTRAINT_NAME                                                               
--------------------------------------------------------------------------------
DELETE_RU STATUS   DEFERRABLE     DEFERRED  VALIDATED     GENERATED      BAD    
--------- -------- -------------- --------- ------------- -------------- ---    
RELY LAST_CHAN                                                                  
---- ---------                                                                  
INDEX_OWNER                                                                     
--------------------------------------------------------------------------------
INDEX_NAME                                                                      
--------------------------------------------------------------------------------
INVALID VIEW_RELATED   ORIGIN_CON_ID                                            
------- -------------- -------------                                            
ICT                                                                             

OWNER                                                                           
--------------------------------------------------------------------------------
CONSTRAINT_NAME                                                                 
--------------------------------------------------------------------------------
C                                                                               
-                                                                               
TABLE_NAME                                                                      
--------------------------------------------------------------------------------
SEARCH_CONDITION                                                                
--------------------------------------------------------------------------------
SEARCH_CONDITION_VC                                                             
--------------------------------------------------------------------------------
R_OWNER                                                                         
--------------------------------------------------------------------------------
R_CONSTRAINT_NAME                                                               
--------------------------------------------------------------------------------
DELETE_RU STATUS   DEFERRABLE     DEFERRED  VALIDATED     GENERATED      BAD    
--------- -------- -------------- --------- ------------- -------------- ---    
RELY LAST_CHAN                                                                  
---- ---------                                                                  
INDEX_OWNER                                                                     
--------------------------------------------------------------------------------
INDEX_NAME                                                                      
--------------------------------------------------------------------------------
INVALID VIEW_RELATED   ORIGIN_CON_ID                                            
------- -------------- -------------                                            
SYS_C0010005                                                                    

OWNER                                                                           
--------------------------------------------------------------------------------
CONSTRAINT_NAME                                                                 
--------------------------------------------------------------------------------
C                                                                               
-                                                                               
TABLE_NAME                                                                      
--------------------------------------------------------------------------------
SEARCH_CONDITION                                                                
--------------------------------------------------------------------------------
SEARCH_CONDITION_VC                                                             
--------------------------------------------------------------------------------
R_OWNER                                                                         
--------------------------------------------------------------------------------
R_CONSTRAINT_NAME                                                               
--------------------------------------------------------------------------------
DELETE_RU STATUS   DEFERRABLE     DEFERRED  VALIDATED     GENERATED      BAD    
--------- -------- -------------- --------- ------------- -------------- ---    
RELY LAST_CHAN                                                                  
---- ---------                                                                  
INDEX_OWNER                                                                     
--------------------------------------------------------------------------------
INDEX_NAME                                                                      
--------------------------------------------------------------------------------
INVALID VIEW_RELATED   ORIGIN_CON_ID                                            
------- -------------- -------------                                            
P                                                                               

OWNER                                                                           
--------------------------------------------------------------------------------
CONSTRAINT_NAME                                                                 
--------------------------------------------------------------------------------
C                                                                               
-                                                                               
TABLE_NAME                                                                      
--------------------------------------------------------------------------------
SEARCH_CONDITION                                                                
--------------------------------------------------------------------------------
SEARCH_CONDITION_VC                                                             
--------------------------------------------------------------------------------
R_OWNER                                                                         
--------------------------------------------------------------------------------
R_CONSTRAINT_NAME                                                               
--------------------------------------------------------------------------------
DELETE_RU STATUS   DEFERRABLE     DEFERRED  VALIDATED     GENERATED      BAD    
--------- -------- -------------- --------- ------------- -------------- ---    
RELY LAST_CHAN                                                                  
---- ---------                                                                  
INDEX_OWNER                                                                     
--------------------------------------------------------------------------------
INDEX_NAME                                                                      
--------------------------------------------------------------------------------
INVALID VIEW_RELATED   ORIGIN_CON_ID                                            
------- -------------- -------------                                            
EMPLOYEE                                                                        

OWNER                                                                           
--------------------------------------------------------------------------------
CONSTRAINT_NAME                                                                 
--------------------------------------------------------------------------------
C                                                                               
-                                                                               
TABLE_NAME                                                                      
--------------------------------------------------------------------------------
SEARCH_CONDITION                                                                
--------------------------------------------------------------------------------
SEARCH_CONDITION_VC                                                             
--------------------------------------------------------------------------------
R_OWNER                                                                         
--------------------------------------------------------------------------------
R_CONSTRAINT_NAME                                                               
--------------------------------------------------------------------------------
DELETE_RU STATUS   DEFERRABLE     DEFERRED  VALIDATED     GENERATED      BAD    
--------- -------- -------------- --------- ------------- -------------- ---    
RELY LAST_CHAN                                                                  
---- ---------                                                                  
INDEX_OWNER                                                                     
--------------------------------------------------------------------------------
INDEX_NAME                                                                      
--------------------------------------------------------------------------------
INVALID VIEW_RELATED   ORIGIN_CON_ID                                            
------- -------------- -------------                                            
                                                                                

OWNER                                                                           
--------------------------------------------------------------------------------
CONSTRAINT_NAME                                                                 
--------------------------------------------------------------------------------
C                                                                               
-                                                                               
TABLE_NAME                                                                      
--------------------------------------------------------------------------------
SEARCH_CONDITION                                                                
--------------------------------------------------------------------------------
SEARCH_CONDITION_VC                                                             
--------------------------------------------------------------------------------
R_OWNER                                                                         
--------------------------------------------------------------------------------
R_CONSTRAINT_NAME                                                               
--------------------------------------------------------------------------------
DELETE_RU STATUS   DEFERRABLE     DEFERRED  VALIDATED     GENERATED      BAD    
--------- -------- -------------- --------- ------------- -------------- ---    
RELY LAST_CHAN                                                                  
---- ---------                                                                  
INDEX_OWNER                                                                     
--------------------------------------------------------------------------------
INDEX_NAME                                                                      
--------------------------------------------------------------------------------
INVALID VIEW_RELATED   ORIGIN_CON_ID                                            
------- -------------- -------------                                            
                                                                                

OWNER                                                                           
--------------------------------------------------------------------------------
CONSTRAINT_NAME                                                                 
--------------------------------------------------------------------------------
C                                                                               
-                                                                               
TABLE_NAME                                                                      
--------------------------------------------------------------------------------
SEARCH_CONDITION                                                                
--------------------------------------------------------------------------------
SEARCH_CONDITION_VC                                                             
--------------------------------------------------------------------------------
R_OWNER                                                                         
--------------------------------------------------------------------------------
R_CONSTRAINT_NAME                                                               
--------------------------------------------------------------------------------
DELETE_RU STATUS   DEFERRABLE     DEFERRED  VALIDATED     GENERATED      BAD    
--------- -------- -------------- --------- ------------- -------------- ---    
RELY LAST_CHAN                                                                  
---- ---------                                                                  
INDEX_OWNER                                                                     
--------------------------------------------------------------------------------
INDEX_NAME                                                                      
--------------------------------------------------------------------------------
INVALID VIEW_RELATED   ORIGIN_CON_ID                                            
------- -------------- -------------                                            
                                                                                

OWNER                                                                           
--------------------------------------------------------------------------------
CONSTRAINT_NAME                                                                 
--------------------------------------------------------------------------------
C                                                                               
-                                                                               
TABLE_NAME                                                                      
--------------------------------------------------------------------------------
SEARCH_CONDITION                                                                
--------------------------------------------------------------------------------
SEARCH_CONDITION_VC                                                             
--------------------------------------------------------------------------------
R_OWNER                                                                         
--------------------------------------------------------------------------------
R_CONSTRAINT_NAME                                                               
--------------------------------------------------------------------------------
DELETE_RU STATUS   DEFERRABLE     DEFERRED  VALIDATED     GENERATED      BAD    
--------- -------- -------------- --------- ------------- -------------- ---    
RELY LAST_CHAN                                                                  
---- ---------                                                                  
INDEX_OWNER                                                                     
--------------------------------------------------------------------------------
INDEX_NAME                                                                      
--------------------------------------------------------------------------------
INVALID VIEW_RELATED   ORIGIN_CON_ID                                            
------- -------------- -------------                                            
                                                                                

OWNER                                                                           
--------------------------------------------------------------------------------
CONSTRAINT_NAME                                                                 
--------------------------------------------------------------------------------
C                                                                               
-                                                                               
TABLE_NAME                                                                      
--------------------------------------------------------------------------------
SEARCH_CONDITION                                                                
--------------------------------------------------------------------------------
SEARCH_CONDITION_VC                                                             
--------------------------------------------------------------------------------
R_OWNER                                                                         
--------------------------------------------------------------------------------
R_CONSTRAINT_NAME                                                               
--------------------------------------------------------------------------------
DELETE_RU STATUS   DEFERRABLE     DEFERRED  VALIDATED     GENERATED      BAD    
--------- -------- -------------- --------- ------------- -------------- ---    
RELY LAST_CHAN                                                                  
---- ---------                                                                  
INDEX_OWNER                                                                     
--------------------------------------------------------------------------------
INDEX_NAME                                                                      
--------------------------------------------------------------------------------
INVALID VIEW_RELATED   ORIGIN_CON_ID                                            
------- -------------- -------------                                            
          ENABLED  NOT DEFERRABLE IMMEDIATE VALIDATED     GENERATED NAME        

OWNER                                                                           
--------------------------------------------------------------------------------
CONSTRAINT_NAME                                                                 
--------------------------------------------------------------------------------
C                                                                               
-                                                                               
TABLE_NAME                                                                      
--------------------------------------------------------------------------------
SEARCH_CONDITION                                                                
--------------------------------------------------------------------------------
SEARCH_CONDITION_VC                                                             
--------------------------------------------------------------------------------
R_OWNER                                                                         
--------------------------------------------------------------------------------
R_CONSTRAINT_NAME                                                               
--------------------------------------------------------------------------------
DELETE_RU STATUS   DEFERRABLE     DEFERRED  VALIDATED     GENERATED      BAD    
--------- -------- -------------- --------- ------------- -------------- ---    
RELY LAST_CHAN                                                                  
---- ---------                                                                  
INDEX_OWNER                                                                     
--------------------------------------------------------------------------------
INDEX_NAME                                                                      
--------------------------------------------------------------------------------
INVALID VIEW_RELATED   ORIGIN_CON_ID                                            
------- -------------- -------------                                            
     02-OCT-17                                                                  

OWNER                                                                           
--------------------------------------------------------------------------------
CONSTRAINT_NAME                                                                 
--------------------------------------------------------------------------------
C                                                                               
-                                                                               
TABLE_NAME                                                                      
--------------------------------------------------------------------------------
SEARCH_CONDITION                                                                
--------------------------------------------------------------------------------
SEARCH_CONDITION_VC                                                             
--------------------------------------------------------------------------------
R_OWNER                                                                         
--------------------------------------------------------------------------------
R_CONSTRAINT_NAME                                                               
--------------------------------------------------------------------------------
DELETE_RU STATUS   DEFERRABLE     DEFERRED  VALIDATED     GENERATED      BAD    
--------- -------- -------------- --------- ------------- -------------- ---    
RELY LAST_CHAN                                                                  
---- ---------                                                                  
INDEX_OWNER                                                                     
--------------------------------------------------------------------------------
INDEX_NAME                                                                      
--------------------------------------------------------------------------------
INVALID VIEW_RELATED   ORIGIN_CON_ID                                            
------- -------------- -------------                                            
ICT                                                                             

OWNER                                                                           
--------------------------------------------------------------------------------
CONSTRAINT_NAME                                                                 
--------------------------------------------------------------------------------
C                                                                               
-                                                                               
TABLE_NAME                                                                      
--------------------------------------------------------------------------------
SEARCH_CONDITION                                                                
--------------------------------------------------------------------------------
SEARCH_CONDITION_VC                                                             
--------------------------------------------------------------------------------
R_OWNER                                                                         
--------------------------------------------------------------------------------
R_CONSTRAINT_NAME                                                               
--------------------------------------------------------------------------------
DELETE_RU STATUS   DEFERRABLE     DEFERRED  VALIDATED     GENERATED      BAD    
--------- -------- -------------- --------- ------------- -------------- ---    
RELY LAST_CHAN                                                                  
---- ---------                                                                  
INDEX_OWNER                                                                     
--------------------------------------------------------------------------------
INDEX_NAME                                                                      
--------------------------------------------------------------------------------
INVALID VIEW_RELATED   ORIGIN_CON_ID                                            
------- -------------- -------------                                            
SYS_C0010005                                                                    

OWNER                                                                           
--------------------------------------------------------------------------------
CONSTRAINT_NAME                                                                 
--------------------------------------------------------------------------------
C                                                                               
-                                                                               
TABLE_NAME                                                                      
--------------------------------------------------------------------------------
SEARCH_CONDITION                                                                
--------------------------------------------------------------------------------
SEARCH_CONDITION_VC                                                             
--------------------------------------------------------------------------------
R_OWNER                                                                         
--------------------------------------------------------------------------------
R_CONSTRAINT_NAME                                                               
--------------------------------------------------------------------------------
DELETE_RU STATUS   DEFERRABLE     DEFERRED  VALIDATED     GENERATED      BAD    
--------- -------- -------------- --------- ------------- -------------- ---    
RELY LAST_CHAN                                                                  
---- ---------                                                                  
INDEX_OWNER                                                                     
--------------------------------------------------------------------------------
INDEX_NAME                                                                      
--------------------------------------------------------------------------------
INVALID VIEW_RELATED   ORIGIN_CON_ID                                            
------- -------------- -------------                                            
                                   1                                            

OWNER                                                                           
--------------------------------------------------------------------------------
CONSTRAINT_NAME                                                                 
--------------------------------------------------------------------------------
C                                                                               
-                                                                               
TABLE_NAME                                                                      
--------------------------------------------------------------------------------
SEARCH_CONDITION                                                                
--------------------------------------------------------------------------------
SEARCH_CONDITION_VC                                                             
--------------------------------------------------------------------------------
R_OWNER                                                                         
--------------------------------------------------------------------------------
R_CONSTRAINT_NAME                                                               
--------------------------------------------------------------------------------
DELETE_RU STATUS   DEFERRABLE     DEFERRED  VALIDATED     GENERATED      BAD    
--------- -------- -------------- --------- ------------- -------------- ---    
RELY LAST_CHAN                                                                  
---- ---------                                                                  
INDEX_OWNER                                                                     
--------------------------------------------------------------------------------
INDEX_NAME                                                                      
--------------------------------------------------------------------------------
INVALID VIEW_RELATED   ORIGIN_CON_ID                                            
------- -------------- -------------                                            
                                                                                

OWNER                                                                           
--------------------------------------------------------------------------------
CONSTRAINT_NAME                                                                 
--------------------------------------------------------------------------------
C                                                                               
-                                                                               
TABLE_NAME                                                                      
--------------------------------------------------------------------------------
SEARCH_CONDITION                                                                
--------------------------------------------------------------------------------
SEARCH_CONDITION_VC                                                             
--------------------------------------------------------------------------------
R_OWNER                                                                         
--------------------------------------------------------------------------------
R_CONSTRAINT_NAME                                                               
--------------------------------------------------------------------------------
DELETE_RU STATUS   DEFERRABLE     DEFERRED  VALIDATED     GENERATED      BAD    
--------- -------- -------------- --------- ------------- -------------- ---    
RELY LAST_CHAN                                                                  
---- ---------                                                                  
INDEX_OWNER                                                                     
--------------------------------------------------------------------------------
INDEX_NAME                                                                      
--------------------------------------------------------------------------------
INVALID VIEW_RELATED   ORIGIN_CON_ID                                            
------- -------------- -------------                                            
ICT                                                                             

OWNER                                                                           
--------------------------------------------------------------------------------
CONSTRAINT_NAME                                                                 
--------------------------------------------------------------------------------
C                                                                               
-                                                                               
TABLE_NAME                                                                      
--------------------------------------------------------------------------------
SEARCH_CONDITION                                                                
--------------------------------------------------------------------------------
SEARCH_CONDITION_VC                                                             
--------------------------------------------------------------------------------
R_OWNER                                                                         
--------------------------------------------------------------------------------
R_CONSTRAINT_NAME                                                               
--------------------------------------------------------------------------------
DELETE_RU STATUS   DEFERRABLE     DEFERRED  VALIDATED     GENERATED      BAD    
--------- -------- -------------- --------- ------------- -------------- ---    
RELY LAST_CHAN                                                                  
---- ---------                                                                  
INDEX_OWNER                                                                     
--------------------------------------------------------------------------------
INDEX_NAME                                                                      
--------------------------------------------------------------------------------
INVALID VIEW_RELATED   ORIGIN_CON_ID                                            
------- -------------- -------------                                            
SYS_C0010006                                                                    

OWNER                                                                           
--------------------------------------------------------------------------------
CONSTRAINT_NAME                                                                 
--------------------------------------------------------------------------------
C                                                                               
-                                                                               
TABLE_NAME                                                                      
--------------------------------------------------------------------------------
SEARCH_CONDITION                                                                
--------------------------------------------------------------------------------
SEARCH_CONDITION_VC                                                             
--------------------------------------------------------------------------------
R_OWNER                                                                         
--------------------------------------------------------------------------------
R_CONSTRAINT_NAME                                                               
--------------------------------------------------------------------------------
DELETE_RU STATUS   DEFERRABLE     DEFERRED  VALIDATED     GENERATED      BAD    
--------- -------- -------------- --------- ------------- -------------- ---    
RELY LAST_CHAN                                                                  
---- ---------                                                                  
INDEX_OWNER                                                                     
--------------------------------------------------------------------------------
INDEX_NAME                                                                      
--------------------------------------------------------------------------------
INVALID VIEW_RELATED   ORIGIN_CON_ID                                            
------- -------------- -------------                                            
P                                                                               

OWNER                                                                           
--------------------------------------------------------------------------------
CONSTRAINT_NAME                                                                 
--------------------------------------------------------------------------------
C                                                                               
-                                                                               
TABLE_NAME                                                                      
--------------------------------------------------------------------------------
SEARCH_CONDITION                                                                
--------------------------------------------------------------------------------
SEARCH_CONDITION_VC                                                             
--------------------------------------------------------------------------------
R_OWNER                                                                         
--------------------------------------------------------------------------------
R_CONSTRAINT_NAME                                                               
--------------------------------------------------------------------------------
DELETE_RU STATUS   DEFERRABLE     DEFERRED  VALIDATED     GENERATED      BAD    
--------- -------- -------------- --------- ------------- -------------- ---    
RELY LAST_CHAN                                                                  
---- ---------                                                                  
INDEX_OWNER                                                                     
--------------------------------------------------------------------------------
INDEX_NAME                                                                      
--------------------------------------------------------------------------------
INVALID VIEW_RELATED   ORIGIN_CON_ID                                            
------- -------------- -------------                                            
DEPARTMENT                                                                      

OWNER                                                                           
--------------------------------------------------------------------------------
CONSTRAINT_NAME                                                                 
--------------------------------------------------------------------------------
C                                                                               
-                                                                               
TABLE_NAME                                                                      
--------------------------------------------------------------------------------
SEARCH_CONDITION                                                                
--------------------------------------------------------------------------------
SEARCH_CONDITION_VC                                                             
--------------------------------------------------------------------------------
R_OWNER                                                                         
--------------------------------------------------------------------------------
R_CONSTRAINT_NAME                                                               
--------------------------------------------------------------------------------
DELETE_RU STATUS   DEFERRABLE     DEFERRED  VALIDATED     GENERATED      BAD    
--------- -------- -------------- --------- ------------- -------------- ---    
RELY LAST_CHAN                                                                  
---- ---------                                                                  
INDEX_OWNER                                                                     
--------------------------------------------------------------------------------
INDEX_NAME                                                                      
--------------------------------------------------------------------------------
INVALID VIEW_RELATED   ORIGIN_CON_ID                                            
------- -------------- -------------                                            
                                                                                

OWNER                                                                           
--------------------------------------------------------------------------------
CONSTRAINT_NAME                                                                 
--------------------------------------------------------------------------------
C                                                                               
-                                                                               
TABLE_NAME                                                                      
--------------------------------------------------------------------------------
SEARCH_CONDITION                                                                
--------------------------------------------------------------------------------
SEARCH_CONDITION_VC                                                             
--------------------------------------------------------------------------------
R_OWNER                                                                         
--------------------------------------------------------------------------------
R_CONSTRAINT_NAME                                                               
--------------------------------------------------------------------------------
DELETE_RU STATUS   DEFERRABLE     DEFERRED  VALIDATED     GENERATED      BAD    
--------- -------- -------------- --------- ------------- -------------- ---    
RELY LAST_CHAN                                                                  
---- ---------                                                                  
INDEX_OWNER                                                                     
--------------------------------------------------------------------------------
INDEX_NAME                                                                      
--------------------------------------------------------------------------------
INVALID VIEW_RELATED   ORIGIN_CON_ID                                            
------- -------------- -------------                                            
                                                                                

OWNER                                                                           
--------------------------------------------------------------------------------
CONSTRAINT_NAME                                                                 
--------------------------------------------------------------------------------
C                                                                               
-                                                                               
TABLE_NAME                                                                      
--------------------------------------------------------------------------------
SEARCH_CONDITION                                                                
--------------------------------------------------------------------------------
SEARCH_CONDITION_VC                                                             
--------------------------------------------------------------------------------
R_OWNER                                                                         
--------------------------------------------------------------------------------
R_CONSTRAINT_NAME                                                               
--------------------------------------------------------------------------------
DELETE_RU STATUS   DEFERRABLE     DEFERRED  VALIDATED     GENERATED      BAD    
--------- -------- -------------- --------- ------------- -------------- ---    
RELY LAST_CHAN                                                                  
---- ---------                                                                  
INDEX_OWNER                                                                     
--------------------------------------------------------------------------------
INDEX_NAME                                                                      
--------------------------------------------------------------------------------
INVALID VIEW_RELATED   ORIGIN_CON_ID                                            
------- -------------- -------------                                            
                                                                                

OWNER                                                                           
--------------------------------------------------------------------------------
CONSTRAINT_NAME                                                                 
--------------------------------------------------------------------------------
C                                                                               
-                                                                               
TABLE_NAME                                                                      
--------------------------------------------------------------------------------
SEARCH_CONDITION                                                                
--------------------------------------------------------------------------------
SEARCH_CONDITION_VC                                                             
--------------------------------------------------------------------------------
R_OWNER                                                                         
--------------------------------------------------------------------------------
R_CONSTRAINT_NAME                                                               
--------------------------------------------------------------------------------
DELETE_RU STATUS   DEFERRABLE     DEFERRED  VALIDATED     GENERATED      BAD    
--------- -------- -------------- --------- ------------- -------------- ---    
RELY LAST_CHAN                                                                  
---- ---------                                                                  
INDEX_OWNER                                                                     
--------------------------------------------------------------------------------
INDEX_NAME                                                                      
--------------------------------------------------------------------------------
INVALID VIEW_RELATED   ORIGIN_CON_ID                                            
------- -------------- -------------                                            
                                                                                

OWNER                                                                           
--------------------------------------------------------------------------------
CONSTRAINT_NAME                                                                 
--------------------------------------------------------------------------------
C                                                                               
-                                                                               
TABLE_NAME                                                                      
--------------------------------------------------------------------------------
SEARCH_CONDITION                                                                
--------------------------------------------------------------------------------
SEARCH_CONDITION_VC                                                             
--------------------------------------------------------------------------------
R_OWNER                                                                         
--------------------------------------------------------------------------------
R_CONSTRAINT_NAME                                                               
--------------------------------------------------------------------------------
DELETE_RU STATUS   DEFERRABLE     DEFERRED  VALIDATED     GENERATED      BAD    
--------- -------- -------------- --------- ------------- -------------- ---    
RELY LAST_CHAN                                                                  
---- ---------                                                                  
INDEX_OWNER                                                                     
--------------------------------------------------------------------------------
INDEX_NAME                                                                      
--------------------------------------------------------------------------------
INVALID VIEW_RELATED   ORIGIN_CON_ID                                            
------- -------------- -------------                                            
          ENABLED  NOT DEFERRABLE IMMEDIATE VALIDATED     GENERATED NAME        

OWNER                                                                           
--------------------------------------------------------------------------------
CONSTRAINT_NAME                                                                 
--------------------------------------------------------------------------------
C                                                                               
-                                                                               
TABLE_NAME                                                                      
--------------------------------------------------------------------------------
SEARCH_CONDITION                                                                
--------------------------------------------------------------------------------
SEARCH_CONDITION_VC                                                             
--------------------------------------------------------------------------------
R_OWNER                                                                         
--------------------------------------------------------------------------------
R_CONSTRAINT_NAME                                                               
--------------------------------------------------------------------------------
DELETE_RU STATUS   DEFERRABLE     DEFERRED  VALIDATED     GENERATED      BAD    
--------- -------- -------------- --------- ------------- -------------- ---    
RELY LAST_CHAN                                                                  
---- ---------                                                                  
INDEX_OWNER                                                                     
--------------------------------------------------------------------------------
INDEX_NAME                                                                      
--------------------------------------------------------------------------------
INVALID VIEW_RELATED   ORIGIN_CON_ID                                            
------- -------------- -------------                                            
     02-OCT-17                                                                  

OWNER                                                                           
--------------------------------------------------------------------------------
CONSTRAINT_NAME                                                                 
--------------------------------------------------------------------------------
C                                                                               
-                                                                               
TABLE_NAME                                                                      
--------------------------------------------------------------------------------
SEARCH_CONDITION                                                                
--------------------------------------------------------------------------------
SEARCH_CONDITION_VC                                                             
--------------------------------------------------------------------------------
R_OWNER                                                                         
--------------------------------------------------------------------------------
R_CONSTRAINT_NAME                                                               
--------------------------------------------------------------------------------
DELETE_RU STATUS   DEFERRABLE     DEFERRED  VALIDATED     GENERATED      BAD    
--------- -------- -------------- --------- ------------- -------------- ---    
RELY LAST_CHAN                                                                  
---- ---------                                                                  
INDEX_OWNER                                                                     
--------------------------------------------------------------------------------
INDEX_NAME                                                                      
--------------------------------------------------------------------------------
INVALID VIEW_RELATED   ORIGIN_CON_ID                                            
------- -------------- -------------                                            
ICT                                                                             

OWNER                                                                           
--------------------------------------------------------------------------------
CONSTRAINT_NAME                                                                 
--------------------------------------------------------------------------------
C                                                                               
-                                                                               
TABLE_NAME                                                                      
--------------------------------------------------------------------------------
SEARCH_CONDITION                                                                
--------------------------------------------------------------------------------
SEARCH_CONDITION_VC                                                             
--------------------------------------------------------------------------------
R_OWNER                                                                         
--------------------------------------------------------------------------------
R_CONSTRAINT_NAME                                                               
--------------------------------------------------------------------------------
DELETE_RU STATUS   DEFERRABLE     DEFERRED  VALIDATED     GENERATED      BAD    
--------- -------- -------------- --------- ------------- -------------- ---    
RELY LAST_CHAN                                                                  
---- ---------                                                                  
INDEX_OWNER                                                                     
--------------------------------------------------------------------------------
INDEX_NAME                                                                      
--------------------------------------------------------------------------------
INVALID VIEW_RELATED   ORIGIN_CON_ID                                            
------- -------------- -------------                                            
SYS_C0010006                                                                    

OWNER                                                                           
--------------------------------------------------------------------------------
CONSTRAINT_NAME                                                                 
--------------------------------------------------------------------------------
C                                                                               
-                                                                               
TABLE_NAME                                                                      
--------------------------------------------------------------------------------
SEARCH_CONDITION                                                                
--------------------------------------------------------------------------------
SEARCH_CONDITION_VC                                                             
--------------------------------------------------------------------------------
R_OWNER                                                                         
--------------------------------------------------------------------------------
R_CONSTRAINT_NAME                                                               
--------------------------------------------------------------------------------
DELETE_RU STATUS   DEFERRABLE     DEFERRED  VALIDATED     GENERATED      BAD    
--------- -------- -------------- --------- ------------- -------------- ---    
RELY LAST_CHAN                                                                  
---- ---------                                                                  
INDEX_OWNER                                                                     
--------------------------------------------------------------------------------
INDEX_NAME                                                                      
--------------------------------------------------------------------------------
INVALID VIEW_RELATED   ORIGIN_CON_ID                                            
------- -------------- -------------                                            
                                   1                                            

OWNER                                                                           
--------------------------------------------------------------------------------
CONSTRAINT_NAME                                                                 
--------------------------------------------------------------------------------
C                                                                               
-                                                                               
TABLE_NAME                                                                      
--------------------------------------------------------------------------------
SEARCH_CONDITION                                                                
--------------------------------------------------------------------------------
SEARCH_CONDITION_VC                                                             
--------------------------------------------------------------------------------
R_OWNER                                                                         
--------------------------------------------------------------------------------
R_CONSTRAINT_NAME                                                               
--------------------------------------------------------------------------------
DELETE_RU STATUS   DEFERRABLE     DEFERRED  VALIDATED     GENERATED      BAD    
--------- -------- -------------- --------- ------------- -------------- ---    
RELY LAST_CHAN                                                                  
---- ---------                                                                  
INDEX_OWNER                                                                     
--------------------------------------------------------------------------------
INDEX_NAME                                                                      
--------------------------------------------------------------------------------
INVALID VIEW_RELATED   ORIGIN_CON_ID                                            
------- -------------- -------------                                            
                                                                                

8 rows selected.

SQL> alter table employee drop constraint fk_department_id;

Table altered.

SQL> alter table employee drop constraint fk_branch_id;

Table altered.

SQL> alter table customer drop constraint fk_department_id;
alter table customer drop constraint fk_department_id
                                     *
ERROR at line 1:
ORA-02443: Cannot drop constraint  - nonexistent constraint 


SQL> alter table customer drop constraint fk_cust_dept_id;

Table altered.

SQL> alter table department drop constraint sys_c00100006;
alter table department drop constraint sys_c00100006
                                       *
ERROR at line 1:
ORA-02443: Cannot drop constraint  - nonexistent constraint 


SQL> alter table department drop constraint SYS_C00100006;
alter table department drop constraint SYS_C00100006
                                       *
ERROR at line 1:
ORA-02443: Cannot drop constraint  - nonexistent constraint 


SQL> alter table department drop primary key;

Table altered.

SQL> alter table branch drop primary key;

Table altered.

SQL> alter table employee drop primary key;

Table altered.

SQL> alter table customer drop primary key;

Table altered.

SQL> commit;

Commit complete.

SQL> spool off;
 select * from employee where employee_id in (select employee_id from employee group by employee_id having count(employee_id)>1);
